Archive member included to satisfy reference by file (symbol)

/opt/devkitpro/libnds/lib/libnds9.a(video.o)
                              graficos.o (vramSetPrimaryBanks)
/opt/devkitpro/libnds/lib/libnds9.a(touch.o)
                              tactil.o (touchRead)
/opt/devkitpro/libnds/lib/libnds9.a(sprite_alloc.o)
                              sprites.o (oamAllocateGfx)
/opt/devkitpro/libnds/lib/libnds9.a(system.o)
                              main.o (powerOn)
/opt/devkitpro/libnds/lib/libnds9.a(console.o)
                              main.o (consoleDemoInit)
/opt/devkitpro/libnds/lib/libnds9.a(sprite.o)
                              sprites.o (oamInit)
/opt/devkitpro/libnds/lib/libnds9.a(initSystem.o)
                              /opt/devkitpro/devkitARM/lib/gcc/arm-none-eabi/9.1.0/../../../../arm-none-eabi/lib/thumb/ds_arm9_crt0.o (initSystem)
/opt/devkitpro/libnds/lib/libnds9.a(timeSupport.o)
                              /opt/devkitpro/libnds/lib/libnds9.a(initSystem.o) (__libnds_gtod)
/opt/devkitpro/libnds/lib/libnds9.a(securearea.o)
                              /opt/devkitpro/devkitARM/lib/gcc/arm-none-eabi/9.1.0/../../../../arm-none-eabi/lib/thumb/ds_arm9_crt0.o (__secure_area__)
/opt/devkitpro/libnds/lib/libnds9.a(interrupts.o)
                              rutserv.o (irqSet)
/opt/devkitpro/libnds/lib/libnds9.a(libnds_exit.arm.o)
                              /opt/devkitpro/devkitARM/lib/gcc/arm-none-eabi/9.1.0/../../../../arm-none-eabi/lib/thumb/ds_arm9_crt0.o (__libnds_exit)
/opt/devkitpro/libnds/lib/libnds9.a(fifosystem.o)
                              /opt/devkitpro/libnds/lib/libnds9.a(initSystem.o) (fifoSetValue32Handler)
/opt/devkitpro/libnds/lib/libnds9.a(dcache.o)
                              /opt/devkitpro/libnds/lib/libnds9.a(sprite.o) (DC_FlushRange)
/opt/devkitpro/libnds/lib/libnds9.a(mpu_setup.o)
                              /opt/devkitpro/devkitARM/lib/gcc/arm-none-eabi/9.1.0/../../../../arm-none-eabi/lib/thumb/ds_arm9_crt0.o (__libnds_mpu_setup)
/opt/devkitpro/libnds/lib/libnds9.a(IntrWait.o)
                              /opt/devkitpro/libnds/lib/libnds9.a(sprite.o) (swiWaitForVBlank)
/opt/devkitpro/libnds/lib/libnds9.a(cpu_clock.o)
                              /opt/devkitpro/libnds/lib/libnds9.a(initSystem.o) (setCpuClock)
/opt/devkitpro/libnds/lib/libnds9.a(interruptDispatcher.o)
                              /opt/devkitpro/libnds/lib/libnds9.a(interrupts.o) (IntrMain)
/opt/devkitpro/libnds/lib/libnds9.a(debugprint.o)
                              /opt/devkitpro/libnds/lib/libnds9.a(console.o) (nocashWrite)
/opt/devkitpro/libnds/lib/libnds9.a(swiSoftReset.o)
                              /opt/devkitpro/libnds/lib/libnds9.a(fifosystem.o) (swiSoftReset)
/opt/devkitpro/libnds/lib/libnds9.a(biosCalls.o)
                              /opt/devkitpro/libnds/lib/libnds9.a(system.o) (swiDelay)
/opt/devkitpro/libnds/lib/libnds9.a(default_font.bin.o)
                              /opt/devkitpro/libnds/lib/libnds9.a(console.o) (default_font_bin)
/opt/devkitpro/libnds/lib/libnds9.a(background.o)
                              /opt/devkitpro/libnds/lib/libnds9.a(console.o) (bgState)
/opt/devkitpro/libnds/lib/libnds9.a(trig.o)
                              /opt/devkitpro/libnds/lib/libnds9.a(sprite.o) (sinLerp)
/opt/devkitpro/devkitARM/lib/gcc/arm-none-eabi/9.1.0/thumb/libgcc.a(_divsi3.o)
                              /opt/devkitpro/libnds/lib/libnds9.a(console.o) (__aeabi_idivmod)
/opt/devkitpro/devkitARM/lib/gcc/arm-none-eabi/9.1.0/thumb/libgcc.a(_dvmd_tls.o)
                              /opt/devkitpro/devkitARM/lib/gcc/arm-none-eabi/9.1.0/thumb/libgcc.a(_divsi3.o) (__aeabi_idiv0)
/opt/devkitpro/devkitARM/lib/gcc/arm-none-eabi/9.1.0/thumb/libgcc.a(_arm_addsubdf3.o)
                              gravedad.o (__aeabi_dsub)
/opt/devkitpro/devkitARM/lib/gcc/arm-none-eabi/9.1.0/thumb/libgcc.a(_arm_cmpdf2.o)
                              teclado.o (__aeabi_dcmpeq)
/opt/devkitpro/devkitARM/lib/gcc/arm-none-eabi/9.1.0/thumb/libgcc.a(_arm_fixdfsi.o)
                              gravedad.o (__aeabi_d2iz)
/opt/devkitpro/devkitARM/lib/gcc/arm-none-eabi/9.1.0/../../../../arm-none-eabi/lib/thumb/libg.a(lib_a-bsearch.o)
                              /opt/devkitpro/libnds/lib/libnds9.a(trig.o) (bsearch)
/opt/devkitpro/devkitARM/lib/gcc/arm-none-eabi/9.1.0/../../../../arm-none-eabi/lib/thumb/libg.a(lib_a-init.o)
                              /opt/devkitpro/devkitARM/lib/gcc/arm-none-eabi/9.1.0/../../../../arm-none-eabi/lib/thumb/ds_arm9_crt0.o (__libc_init_array)
/opt/devkitpro/devkitARM/lib/gcc/arm-none-eabi/9.1.0/../../../../arm-none-eabi/lib/thumb/libg.a(lib_a-iprintf.o)
                              tactil.o (iprintf)
/opt/devkitpro/devkitARM/lib/gcc/arm-none-eabi/9.1.0/../../../../arm-none-eabi/lib/thumb/libg.a(lib_a-malloc.o)
                              /opt/devkitpro/libnds/lib/libnds9.a(sprite_alloc.o) (malloc)
[...]
Memory Configuration

Name             Origin             Length             Attributes
ewram            0x0000000002000000 0x0000000000380000
dtcm             0x000000000b000000 0x0000000000004000
vectors          0x0000000001000000 0x0000000000000100
itcm             0x0000000001000100 0x0000000000007f00
*default*        0x0000000000000000 0xffffffffffffffff

Linker script and memory map

                0x0000000002380000                __ewram_end = (ORIGIN (ewram) + LENGTH (ewram))
                0x0000000002380000                __eheap_end = (ORIGIN (ewram) + LENGTH (ewram))
                0x000000000b004000                __dtcm_top = (ORIGIN (dtcm) + LENGTH (dtcm))
                0x000000000b003ff8                __irq_flags = (__dtcm_top - 0x8)
                0x000000000b003ffc                __irq_vector = (__dtcm_top - 0x4)
                0x000000000b003f00                __sp_svc = (__dtcm_top - 0x100)
                0x000000000b003e00                __sp_irq = (__sp_svc - 0x100)
                0x000000000b003d00                __sp_usr = (__sp_irq - 0x100)

.secure         0x0000000002000000      0x800
 *(.secure)
 .secure        0x0000000002000000      0x800 /opt/devkitpro/libnds/lib/libnds9.a(securearea.o)
                0x0000000002000000                __secure_area__

.crt0           0x0000000002000800      0x300
                0x0000000002000800                __text_start = .
 *(.crt0)
 .crt0          0x0000000002000800      0x300 /opt/devkitpro/devkitARM/lib/gcc/arm-none-eabi/9.1.0/../../../../arm-none-eabi/lib/thumb/ds_arm9_crt0.o
                0x0000000002000800                _start
                0x0000000002000b00                . = ALIGN (0x4)

.plt
 *(.plt)

.init           0x0000000002000b00        0xc
 *(SORT_NONE(.init))
 .init          0x0000000002000b00        0x4 /opt/devkitpro/devkitARM/lib/gcc/arm-none-eabi/9.1.0/thumb/crti.o
                0x0000000002000b00                _init
 .init          0x0000000002000b04        0x8 /opt/devkitpro/devkitARM/lib/gcc/arm-none-eabi/9.1.0/thumb/crtn.o

.text           0x0000000002000b10     0xb590
 *(EXCLUDE_FILE(*.twl* *.vectors* *.itcm*) .text)
 .text          0x0000000002000b10      0x19c gravedad.o
                0x0000000002000b10                gravedadPersonaje
                0x0000000002000ca4                gravedad
 .text          0x0000000002000cac       0xe0 rutserv.o
                0x0000000002000cac                HabilitarInterrupciones
                0x0000000002000cd0                ProgramarRegistrosControl
                0x0000000002000cf8                DefinirVectorInterrupciones
                0x0000000002000d18                InhibirInterrupciones
                0x0000000002000d3c                interrupciones
 .text          0x0000000002000d8c      0x1d0 tactil.o
                0x0000000002000d8c                pausa
                0x0000000002000e28                apagar
                0x0000000002000e50                tactil
                0x0000000002000efc                reiniciar
                0x0000000002000f4c                nivel
 .text          0x0000000002000f5c      0x290 teclado.o
                0x0000000002000f5c                TeclaPulsada
                0x0000000002000fd4                teclasPulsadas
                0x0000000002001068                movimientoPersonaje
                0x0000000002001168                IntTec
 .text          0x00000000020011ec       0x40 graficos.o
                0x00000000020011ec                initVideo
 .text          0x000000000200122c       0xcc elementos.o
                0x000000000200122c                elemento_en_pos
 .text          0x00000000020012f8      0x548 sprites.o
                0x00000000020012f8                initSpriteMem
                0x0000000002001344                establecerPaletaPrincipal
                0x00000000020014e8                BorrarRombo
                0x0000000002001534                BorrarEnemigo
                0x0000000002001580                MostrarRombo
                0x00000000020015cc                MostrarEnemigo
                0x0000000002001618                guardarSpritesEnMemoria
                0x000000000200166c                moverPersonaje
 .text          0x0000000002001840      0x48c fondos.o
                0x0000000002001840                initFondos
                0x000000000200190c                over1
                0x000000000200193c                over2
                0x000000000200196c                over3
                0x000000000200199c                over1Muerte
                0x00000000020019cc                over2Muerte
                0x00000000020019fc                over3Muerte
                0x0000000002001a2c                cielo1
                0x0000000002001a5c                cielo2
                0x0000000002001a8c                cielo3
                0x0000000002001abc                cielo1Muerte
                0x0000000002001aec                cielo2Muerte
                0x0000000002001b1c                cielo3Muerte
                0x0000000002001b4c                nether1
                0x0000000002001b7c                nether2
                0x0000000002001bac                nether3
                0x0000000002001bdc                nether1Muerte
                0x0000000002001c0c                nether2Muerte
                0x0000000002001c3c                nether3Muerte
                0x0000000002001c6c                off
                0x0000000002001c9c                panPausa
 .text          0x0000000002001ccc      0x32c temporizadores.o
                0x0000000002001ccc                barraVida
                0x0000000002001ed0                IntTemp
 .text          0x0000000002001ff8      0x31c enemigos.o
                0x0000000002001ff8                enemMov
                0x000000000200208c                updateLife
 .text          0x0000000002002314      0x150 /opt/devkitpro/devkitARM/lib/gcc/arm-none-eabi/9.1.0/thumb/libgcc.a(_divsi3.o)
                0x0000000002002314                __aeabi_idiv
                0x0000000002002314                __divsi3
                0x0000000002002444                __aeabi_idivmod
 .text          0x0000000002002464        0x4 /opt/devkitpro/devkitARM/lib/gcc/arm-none-eabi/9.1.0/thumb/libgcc.a(_dvmd_tls.o)
                0x0000000002002464                __aeabi_ldiv0
                0x0000000002002464                __aeabi_idiv0
 .text          0x0000000002002468      0x424 /opt/devkitpro/devkitARM/lib/gcc/arm-none-eabi/9.1.0/thumb/libgcc.a(_arm_addsubdf3.o)
                0x0000000002002468                __aeabi_drsub
                0x0000000002002470                __aeabi_dsub
                0x0000000002002470                __subdf3
                0x0000000002002474                __adddf3
                0x0000000002002474                __aeabi_dadd
                0x0000000002002784                __aeabi_ui2d
                0x0000000002002784                __floatunsidf
                0x00000000020027a8                __floatsidf
                0x00000000020027a8                __aeabi_i2d
                0x00000000020027d0                __extendsfdf2
                0x00000000020027d0                __aeabi_f2d
                0x0000000002002818                __aeabi_ul2d
                0x0000000002002818                __floatundidf
                0x000000000200282c                __floatdidf
                0x000000000200282c                __aeabi_l2d
 .text          0x000000000200288c      0x144 /opt/devkitpro/devkitARM/lib/gcc/arm-none-eabi/9.1.0/thumb/libgcc.a(_arm_cmpdf2.o)
                0x000000000200288c                __gtdf2
                0x000000000200288c                __gedf2
                0x0000000002002894                __ltdf2
                0x0000000002002894                __ledf2
                0x000000000200289c                __cmpdf2
                0x000000000200289c                __eqdf2
                0x000000000200289c                __nedf2
                0x0000000002002924                __aeabi_cdrcmple
                0x0000000002002940                __aeabi_cdcmple
                0x0000000002002940                __aeabi_cdcmpeq
                0x0000000002002958                __aeabi_dcmpeq
                0x0000000002002970                __aeabi_dcmplt
                0x0000000002002988                __aeabi_dcmple
                0x00000000020029a0                __aeabi_dcmpge
                0x00000000020029b8                __aeabi_dcmpgt
 .text          0x00000000020029d0       0x5c /opt/devkitpro/devkitARM/lib/gcc/arm-none-eabi/9.1.0/thumb/libgcc.a(_arm_fixdfsi.o)
                0x00000000020029d0                __fixdfsi
                0x00000000020029d0                __aeabi_d2iz
 .text          0x0000000002002a2c      0x224 /opt/devkitpro/devkitARM/lib/gcc/arm-none-eabi/9.1.0/../../../../arm-none-eabi/lib/thumb/libg.a(lib_a-strcmp.o)
                0x0000000002002a2c                strcmp
 .text          0x0000000002002c50       0x14 /opt/devkitpro/devkitARM/lib/gcc/arm-none-eabi/9.1.0/thumb/libgcc.a(_thumb1_case_uqi.o)
                0x0000000002002c50                __gnu_thumb1_case_uqi
 .text          0x0000000002002c64       0x14 /opt/devkitpro/devkitARM/lib/gcc/arm-none-eabi/9.1.0/thumb/libgcc.a(_thumb1_case_uhi.o)
                0x0000000002002c64                __gnu_thumb1_case_uhi
 .text          0x0000000002002c78      0x11c /opt/devkitpro/devkitARM/lib/gcc/arm-none-eabi/9.1.0/thumb/libgcc.a(_udivsi3.o)
                0x0000000002002c78                __udivsi3
                0x0000000002002c78                __aeabi_uidiv
                0x0000000002002d74                __aeabi_uidivmod
 .text          0x0000000002002d94       0x3c /opt/devkitpro/devkitARM/lib/gcc/arm-none-eabi/9.1.0/thumb/libgcc.a(_aeabi_uldivmod.o)
                0x0000000002002d94                __aeabi_uldivmod
 .text          0x0000000002002dd0       0x28 /opt/devkitpro/devkitARM/lib/gcc/arm-none-eabi/9.1.0/thumb/libgcc.a(_clzdi2.o)
                0x0000000002002dd0                __clzdi2
 .text          0x0000000002002df8       0x48 /opt/devkitpro/devkitARM/lib/gcc/arm-none-eabi/9.1.0/thumb/libgcc.a(_clzsi2.o)
                0x0000000002002df8                __clzsi2
 *(EXCLUDE_FILE(*.twl* *.vectors* *.itcm*) .stub)
 *(EXCLUDE_FILE(*.twl* *.vectors* *.itcm*) .text.*)
 .text.deregister_tm_clones
                0x0000000002002e40       0x2c /opt/devkitpro/devkitARM/lib/gcc/arm-none-eabi/9.1.0/thumb/crtbegin.o
 .text.register_tm_clones
                0x0000000002002e6c       0x34 /opt/devkitpro/devkitARM/lib/gcc/arm-none-eabi/9.1.0/thumb/crtbegin.o
 .text.__do_global_dtors_aux
                0x0000000002002ea0       0x30 /opt/devkitpro/devkitARM/lib/gcc/arm-none-eabi/9.1.0/thumb/crtbegin.o
 .text.frame_dummy
                0x0000000002002ed0       0x28 /opt/devkitpro/devkitARM/lib/gcc/arm-none-eabi/9.1.0/thumb/crtbegin.o
 .text.startup  0x0000000002002ef8      0x12c main.o
                0x0000000002002ef8                main
 .text.vramSetPrimaryBanks
                0x0000000002003024       0x44 /opt/devkitpro/libnds/lib/libnds9.a(video.o)
                0x0000000002003024                vramSetPrimaryBanks
 .text.vramDefault
                0x0000000002003068       0xd0 /opt/devkitpro/libnds/lib/libnds9.a(video.o)
                0x0000000002003068                vramDefault
 .text.touchRead
                0x0000000002003138       0x24 /opt/devkitpro/libnds/lib/libnds9.a(touch.o)
                0x0000000002003138                touchRead
 .text.getAllocHeader
                0x000000000200315c       0x28 /opt/devkitpro/libnds/lib/libnds9.a(sprite_alloc.o)
 .text.oamAllocReset
                0x0000000002003184       0x1c /opt/devkitpro/libnds/lib/libnds9.a(sprite_alloc.o)
                0x0000000002003184                oamAllocReset
 .text.oamAllocateGfx
                0x00000000020031a0      0x224 /opt/devkitpro/libnds/lib/libnds9.a(sprite_alloc.o)
                0x00000000020031a0                oamAllocateGfx
 .text.systemValueHandler
                0x00000000020033c4       0x48 /opt/devkitpro/libnds/lib/libnds9.a(system.o)
                0x00000000020033c4                systemValueHandler
 .text.systemMsgHandler
                0x000000000200340c       0x5c /opt/devkitpro/libnds/lib/libnds9.a(system.o)
                0x000000000200340c                systemMsgHandler
 .text.powerOn  0x0000000002003468       0x2c /opt/devkitpro/libnds/lib/libnds9.a(system.o)
                0x0000000002003468                powerOn
 .text.newRow   0x0000000002003494       0xb4 /opt/devkitpro/libnds/lib/libnds9.a(console.o)
 .text.consolePrintChar
                0x0000000002003548       0xec /opt/devkitpro/libnds/lib/libnds9.a(console.o)
                0x0000000002003548                consolePrintChar
 .text.consoleCls
                0x0000000002003634       0xe0 /opt/devkitpro/libnds/lib/libnds9.a(console.o)
 .text.consoleLoadFont
                0x0000000002003714      0x280 /opt/devkitpro/libnds/lib/libnds9.a(console.o)
                0x0000000002003714                consoleLoadFont
 .text.consoleInit
                0x0000000002003994      0x15c /opt/devkitpro/libnds/lib/libnds9.a(console.o)
                0x0000000002003994                consoleInit
 .text.consoleDemoInit
                0x0000000002003af0       0x40 /opt/devkitpro/libnds/lib/libnds9.a(console.o)
                0x0000000002003af0                consoleDemoInit
 .text.con_write
                0x0000000002003b30      0x27c /opt/devkitpro/libnds/lib/libnds9.a(console.o)
                0x0000000002003b30                con_write
 .text.oamInit  0x0000000002003dac      0x11c /opt/devkitpro/libnds/lib/libnds9.a(sprite.o)
                0x0000000002003dac                oamInit
 .text.oamGetGfxPtr
                0x0000000002003ec8       0x38 /opt/devkitpro/libnds/lib/libnds9.a(sprite.o)
                0x0000000002003ec8                oamGetGfxPtr
 .text.oamGfxPtrToOffset
                0x0000000002003f00       0x34 /opt/devkitpro/libnds/lib/libnds9.a(sprite.o)
                0x0000000002003f00                oamGfxPtrToOffset
 .text.oamSet   0x0000000002003f34      0x148 /opt/devkitpro/libnds/lib/libnds9.a(sprite.o)
                0x0000000002003f34                oamSet
 .text.oamUpdate
                0x000000000200407c       0x60 /opt/devkitpro/libnds/lib/libnds9.a(sprite.o)
                0x000000000200407c                oamUpdate
 .text.initSystem
                0x00000000020040dc      0x198 /opt/devkitpro/libnds/lib/libnds9.a(initSystem.o)
                0x00000000020040dc                initSystem
 .text.__libnds_gtod
                0x0000000002004274       0x28 /opt/devkitpro/libnds/lib/libnds9.a(timeSupport.o)
                0x0000000002004274                __libnds_gtod
 .text.irqDummy
                0x000000000200429c        0x4 /opt/devkitpro/libnds/lib/libnds9.a(interrupts.o)
                0x000000000200429c                irqDummy
 .text.irqSet   0x00000000020042a0       0x6c /opt/devkitpro/libnds/lib/libnds9.a(interrupts.o)
                0x00000000020042a0                irqSet
 .text.irqInit  0x000000000200430c       0x50 /opt/devkitpro/libnds/lib/libnds9.a(interrupts.o)
                0x000000000200430c                irqInit
 .text.irqEnable
                0x000000000200435c       0x64 /opt/devkitpro/libnds/lib/libnds9.a(interrupts.o)
                0x000000000200435c                irqEnable
 .text.systemErrorExit
                0x00000000020043c0        0x4 /opt/devkitpro/libnds/lib/libnds9.a(libnds_exit.arm.o)
                0x00000000020043c0                systemErrorExit
 *fill*         0x00000000020043c4        0x4 ff
 .text.__libnds_exit
                0x00000000020043c8       0x5c /opt/devkitpro/libnds/lib/libnds9.a(libnds_exit.arm.o)
                0x00000000020043c8                __libnds_exit
 .text.fifo_waitBlock
                0x0000000002004424       0x80 /opt/devkitpro/libnds/lib/libnds9.a(fifosystem.o)
 .text.fifo_queueBlock
                0x00000000020044a4       0x40 /opt/devkitpro/libnds/lib/libnds9.a(fifosystem.o)
 .text.fifoInternalSendInterrupt
                0x00000000020044e4       0xac /opt/devkitpro/libnds/lib/libnds9.a(fifosystem.o)
 .text.fifoInternalSend.part.2
                0x0000000002004590       0xd4 /opt/devkitpro/libnds/lib/libnds9.a(fifosystem.o)
 .text.fifoGetValue32.part.3
                0x0000000002004664       0x74 /opt/devkitpro/libnds/lib/libnds9.a(fifosystem.o)
 .text.fifoSetValue32Handler
                0x00000000020046d8       0x78 /opt/devkitpro/libnds/lib/libnds9.a(fifosystem.o)
                0x00000000020046d8                fifoSetValue32Handler
 .text.fifoSendValue32
                0x0000000002004750       0x4c /opt/devkitpro/libnds/lib/libnds9.a(fifosystem.o)
                0x0000000002004750                fifoSendValue32
 .text.fifoGetDatamsg
                0x000000000200479c      0x138 /opt/devkitpro/libnds/lib/libnds9.a(fifosystem.o)
                0x000000000200479c                fifoGetDatamsg
 .text.fifoInternalRecvInterrupt
                0x00000000020048d4      0x3dc /opt/devkitpro/libnds/lib/libnds9.a(fifosystem.o)
 .text.fifoSetDatamsgHandler
                0x0000000002004cb0       0x9c /opt/devkitpro/libnds/lib/libnds9.a(fifosystem.o)
                0x0000000002004cb0                fifoSetDatamsgHandler
 .text.fifoInit
                0x0000000002004d4c      0x104 /opt/devkitpro/libnds/lib/libnds9.a(fifosystem.o)
                0x0000000002004d4c                fifoInit
 .text.DC_FlushRange
                0x0000000002004e50       0x24 /opt/devkitpro/libnds/lib/libnds9.a(dcache.o)
                0x0000000002004e50                DC_FlushRange
 .text.__libnds_mpu_setup
                0x0000000002004e74      0x174 /opt/devkitpro/libnds/lib/libnds9.a(mpu_setup.o)
                0x0000000002004e74                __libnds_mpu_setup
 .text.memUncached
                0x0000000002004fe8       0x20 /opt/devkitpro/libnds/lib/libnds9.a(mpu_setup.o)
                0x0000000002004fe8                memUncached
 .text.swiWaitForVBlank
                0x0000000002005008        0x8 /opt/devkitpro/libnds/lib/libnds9.a(IntrWait.o)
                0x0000000002005008                swiWaitForVBlank
 .text.swiIntrWait
                0x0000000002005010       0x70 /opt/devkitpro/libnds/lib/libnds9.a(IntrWait.o)
                0x0000000002005010                swiIntrWait
 .text.setCpuClock
                0x0000000002005080       0x50 /opt/devkitpro/libnds/lib/libnds9.a(cpu_clock.o)
                0x0000000002005080                setCpuClock
 .text.swiSoftReset
                0x00000000020050d0       0x2c /opt/devkitpro/libnds/lib/libnds9.a(swiSoftReset.o)
                0x00000000020050d0                swiSoftReset
 .text.swiDelay
                0x00000000020050fc        0x4 /opt/devkitpro/libnds/lib/libnds9.a(biosCalls.o)
                0x00000000020050fc                swiDelay
 .text.checkIfText.part.0
                0x0000000002005100       0x40 /opt/devkitpro/libnds/lib/libnds9.a(background.o)
 .text.bgUpdate
                0x0000000002005140      0x104 /opt/devkitpro/libnds/lib/libnds9.a(background.o)
                0x0000000002005140                bgUpdate
 .text.bgInit_call
                0x0000000002005244      0x110 /opt/devkitpro/libnds/lib/libnds9.a(background.o)
                0x0000000002005244                bgInit_call
 .text.bgInitSub_call
                0x0000000002005354       0xf4 /opt/devkitpro/libnds/lib/libnds9.a(background.o)
                0x0000000002005354                bgInitSub_call
 .text.sinLutLookup
                0x0000000002005448       0x3c /opt/devkitpro/libnds/lib/libnds9.a(trig.o)
                0x0000000002005448                sinLutLookup
 .text.sinLerp  0x0000000002005484       0x44 /opt/devkitpro/libnds/lib/libnds9.a(trig.o)
                0x0000000002005484                sinLerp
 .text.cosLerp  0x00000000020054c8       0x14 /opt/devkitpro/libnds/lib/libnds9.a(trig.o)
                0x00000000020054c8                cosLerp
 .text.__libc_init_array
                0x00000000020054dc       0x50 /opt/devkitpro/devkitARM/lib/gcc/arm-none-eabi/9.1.0/../../../../arm-none-eabi/lib/thumb/libg.a(lib_a-init.o)
                0x00000000020054dc                __libc_init_array
 .text.iprintf  0x000000000200552c       0x24 /opt/devkitpro/devkitARM/lib/gcc/arm-none-eabi/9.1.0/../../../../arm-none-eabi/lib/thumb/libg.a(lib_a-iprintf.o)
                0x000000000200552c                iprintf
 .text.malloc   0x0000000002005550       0x14 /opt/devkitpro/devkitARM/lib/gcc/arm-none-eabi/9.1.0/../../../../arm-none-eabi/lib/thumb/libg.a(lib_a-malloc.o)
                0x0000000002005550                malloc
 .text.free     0x0000000002005564       0x14 /opt/devkitpro/devkitARM/lib/gcc/arm-none-eabi/9.1.0/../../../../arm-none-eabi/lib/thumb/libg.a(lib_a-malloc.o)
                0x0000000002005564                free
 .text._malloc_r
                0x0000000002005578      0x59c /opt/devkitpro/devkitARM/lib/gcc/arm-none-eabi/9.1.0/../../../../arm-none-eabi/lib/thumb/libg.a(lib_a-mallocr.o)
                0x0000000002005578                _malloc_r
 .text.memcpy   0x0000000002005b14       0xa8 /opt/devkitpro/devkitARM/lib/gcc/arm-none-eabi/9.1.0/../../../../arm-none-eabi/lib/thumb/libg.a(lib_a-memcpy-stub.o)
                0x0000000002005b14                memcpy
 .text.memset   0x0000000002005bbc       0xb0 /opt/devkitpro/devkitARM/lib/gcc/arm-none-eabi/9.1.0/../../../../arm-none-eabi/lib/thumb/libg.a(lib_a-memset.o)
                0x0000000002005bbc                memset
 .text.__malloc_lock
                0x0000000002005c6c       0x14 /opt/devkitpro/devkitARM/lib/gcc/arm-none-eabi/9.1.0/../../../../arm-none-eabi/lib/thumb/libg.a(lib_a-mlock.o)
                0x0000000002005c6c                __malloc_lock
 .text.__malloc_unlock
                0x0000000002005c80       0x14 /opt/devkitpro/devkitARM/lib/gcc/arm-none-eabi/9.1.0/../../../../arm-none-eabi/lib/thumb/libg.a(lib_a-mlock.o)
                0x0000000002005c80                __malloc_unlock
 .text.srand    0x0000000002005c94       0x18 /opt/devkitpro/devkitARM/lib/gcc/arm-none-eabi/9.1.0/../../../../arm-none-eabi/lib/thumb/libg.a(lib_a-rand.o)
                0x0000000002005c94                srand
 .text.realloc  0x0000000002005cac       0x18 /opt/devkitpro/devkitARM/lib/gcc/arm-none-eabi/9.1.0/../../../../arm-none-eabi/lib/thumb/libg.a(lib_a-realloc.o)
                0x0000000002005cac                realloc
 .text._realloc_r
                0x0000000002005cc4      0x38c /opt/devkitpro/devkitARM/lib/gcc/arm-none-eabi/9.1.0/../../../../arm-none-eabi/lib/thumb/libg.a(lib_a-reallocr.o)
                0x0000000002005cc4                _realloc_r
 .text.setvbuf  0x0000000002006050      0x1ac /opt/devkitpro/devkitARM/lib/gcc/arm-none-eabi/9.1.0/../../../../arm-none-eabi/lib/thumb/libg.a(lib_a-setvbuf.o)
                0x0000000002006050                setvbuf
 .text.siscanf  0x00000000020061fc       0x4c /opt/devkitpro/devkitARM/lib/gcc/arm-none-eabi/9.1.0/../../../../arm-none-eabi/lib/thumb/libg.a(lib_a-siscanf.o)
                0x00000000020061fc                siscanf
 .text.__sread  0x0000000002006248       0x34 /opt/devkitpro/devkitARM/lib/gcc/arm-none-eabi/9.1.0/../../../../arm-none-eabi/lib/thumb/libg.a(lib_a-stdio.o)
                0x0000000002006248                __sread
 .text.__seofread
                0x000000000200627c        0x4 /opt/devkitpro/devkitARM/lib/gcc/arm-none-eabi/9.1.0/../../../../arm-none-eabi/lib/thumb/libg.a(lib_a-stdio.o)
                0x000000000200627c                __seofread
 .text.__swrite
                0x0000000002006280       0x54 /opt/devkitpro/devkitARM/lib/gcc/arm-none-eabi/9.1.0/../../../../arm-none-eabi/lib/thumb/libg.a(lib_a-stdio.o)
                0x0000000002006280                __swrite
 .text.__sseek  0x00000000020062d4       0x40 /opt/devkitpro/devkitARM/lib/gcc/arm-none-eabi/9.1.0/../../../../arm-none-eabi/lib/thumb/libg.a(lib_a-stdio.o)
                0x00000000020062d4                __sseek
 .text.__sclose
                0x0000000002006314       0x10 /opt/devkitpro/devkitARM/lib/gcc/arm-none-eabi/9.1.0/../../../../arm-none-eabi/lib/thumb/libg.a(lib_a-stdio.o)
                0x0000000002006314                __sclose
 .text.strlen   0x0000000002006324       0x60 /opt/devkitpro/devkitARM/lib/gcc/arm-none-eabi/9.1.0/../../../../arm-none-eabi/lib/thumb/libg.a(lib_a-strlen-stub.o)
                0x0000000002006324                strlen
 .text.get_arg  0x0000000002006384       0x32 /opt/devkitpro/devkitARM/lib/gcc/arm-none-eabi/9.1.0/../../../../arm-none-eabi/lib/thumb/libg.a(lib_a-svfiscanf.o)
 .text._sungetc_r
                0x00000000020063b6       0x7e /opt/devkitpro/devkitARM/lib/gcc/arm-none-eabi/9.1.0/../../../../arm-none-eabi/lib/thumb/libg.a(lib_a-svfiscanf.o)
                0x00000000020063b6                _sungetc_r
 .text.__ssrefill_r
                0x0000000002006434       0x42 /opt/devkitpro/devkitARM/lib/gcc/arm-none-eabi/9.1.0/../../../../arm-none-eabi/lib/thumb/libg.a(lib_a-svfiscanf.o)
                0x0000000002006434                __ssrefill_r
 .text._sfread_r
                0x0000000002006476       0x8a /opt/devkitpro/devkitARM/lib/gcc/arm-none-eabi/9.1.0/../../../../arm-none-eabi/lib/thumb/libg.a(lib_a-svfiscanf.o)
                0x0000000002006476                _sfread_r
 .text.__ssvfiscanf_r
                0x0000000002006500     0x1b54 /opt/devkitpro/devkitARM/lib/gcc/arm-none-eabi/9.1.0/../../../../arm-none-eabi/lib/thumb/libg.a(lib_a-svfiscanf.o)
                0x0000000002006500                __ssvfiscanf_r
 .text.time     0x0000000002008054       0x34 /opt/devkitpro/devkitARM/lib/gcc/arm-none-eabi/9.1.0/../../../../arm-none-eabi/lib/thumb/libg.a(lib_a-time.o)
                0x0000000002008054                time
 .text.__submore
                0x0000000002008088       0x88 /opt/devkitpro/devkitARM/lib/gcc/arm-none-eabi/9.1.0/../../../../arm-none-eabi/lib/thumb/libg.a(lib_a-ungetc.o)
                0x0000000002008088                __submore
 .text.get_arg  0x0000000002008110      0x3d8 /opt/devkitpro/devkitARM/lib/gcc/arm-none-eabi/9.1.0/../../../../arm-none-eabi/lib/thumb/libg.a(lib_a-vfiprintf.o)
 .text.__sprint_r
                0x00000000020084e8       0x20 /opt/devkitpro/devkitARM/lib/gcc/arm-none-eabi/9.1.0/../../../../arm-none-eabi/lib/thumb/libg.a(lib_a-vfiprintf.o)
                0x00000000020084e8                __sprint_r
 .text._vfiprintf_r
                0x0000000002008508     0x1804 /opt/devkitpro/devkitARM/lib/gcc/arm-none-eabi/9.1.0/../../../../arm-none-eabi/lib/thumb/libg.a(lib_a-vfiprintf.o)
                0x0000000002008508                _vfiprintf_r
 .text.__sbprintf
                0x0000000002009d0c       0x8c /opt/devkitpro/devkitARM/lib/gcc/arm-none-eabi/9.1.0/../../../../arm-none-eabi/lib/thumb/libg.a(lib_a-vfiprintf.o)
 .text._wcrtomb_r
                0x0000000002009d98       0x5c /opt/devkitpro/devkitARM/lib/gcc/arm-none-eabi/9.1.0/../../../../arm-none-eabi/lib/thumb/libg.a(lib_a-wcrtomb.o)
                0x0000000002009d98                _wcrtomb_r
 .text._wcsrtombs_r
                0x0000000002009df4       0x1c /opt/devkitpro/devkitARM/lib/gcc/arm-none-eabi/9.1.0/../../../../arm-none-eabi/lib/thumb/libg.a(lib_a-wcsrtombs.o)
                0x0000000002009df4                _wcsrtombs_r
 .text.__swsetup_r
                0x0000000002009e10       0xd8 /opt/devkitpro/devkitARM/lib/gcc/arm-none-eabi/9.1.0/../../../../arm-none-eabi/lib/thumb/libg.a(lib_a-wsetup.o)
                0x0000000002009e10                __swsetup_r
 .text.__sflush_r
                0x0000000002009ee8      0x1c0 /opt/devkitpro/devkitARM/lib/gcc/arm-none-eabi/9.1.0/../../../../arm-none-eabi/lib/thumb/libg.a(lib_a-fflush.o)
                0x0000000002009ee8                __sflush_r
 .text._fflush_r
                0x000000000200a0a8       0x70 /opt/devkitpro/devkitARM/lib/gcc/arm-none-eabi/9.1.0/../../../../arm-none-eabi/lib/thumb/libg.a(lib_a-fflush.o)
                0x000000000200a0a8                _fflush_r
 .text.std      0x000000000200a118       0x54 /opt/devkitpro/devkitARM/lib/gcc/arm-none-eabi/9.1.0/../../../../arm-none-eabi/lib/thumb/libg.a(lib_a-findfp.o)
 .text._cleanup_r
                0x000000000200a16c       0x14 /opt/devkitpro/devkitARM/lib/gcc/arm-none-eabi/9.1.0/../../../../arm-none-eabi/lib/thumb/libg.a(lib_a-findfp.o)
                0x000000000200a16c                _cleanup_r
 .text.__sinit  0x000000000200a180       0x64 /opt/devkitpro/devkitARM/lib/gcc/arm-none-eabi/9.1.0/../../../../arm-none-eabi/lib/thumb/libg.a(lib_a-findfp.o)
                0x000000000200a180                __sinit
 .text.__sfp_lock_acquire
                0x000000000200a1e4       0x14 /opt/devkitpro/devkitARM/lib/gcc/arm-none-eabi/9.1.0/../../../../arm-none-eabi/lib/thumb/libg.a(lib_a-findfp.o)
                0x000000000200a1e4                __sfp_lock_acquire
 .text.__sfp_lock_release
                0x000000000200a1f8       0x14 /opt/devkitpro/devkitARM/lib/gcc/arm-none-eabi/9.1.0/../../../../arm-none-eabi/lib/thumb/libg.a(lib_a-findfp.o)
                0x000000000200a1f8                __sfp_lock_release
 .text._malloc_trim_r
                0x000000000200a20c       0xa0 /opt/devkitpro/devkitARM/lib/gcc/arm-none-eabi/9.1.0/../../../../arm-none-eabi/lib/thumb/libg.a(lib_a-freer.o)
                0x000000000200a20c                _malloc_trim_r
 .text._free_r  0x000000000200a2ac      0x1e0 /opt/devkitpro/devkitARM/lib/gcc/arm-none-eabi/9.1.0/../../../../arm-none-eabi/lib/thumb/libg.a(lib_a-freer.o)
                0x000000000200a2ac                _free_r
 .text.__sfvwrite_r
                0x000000000200a48c      0x348 /opt/devkitpro/devkitARM/lib/gcc/arm-none-eabi/9.1.0/../../../../arm-none-eabi/lib/thumb/libg.a(lib_a-fvwrite.o)
                0x000000000200a48c                __sfvwrite_r
 .text._fwalk_reent
                0x000000000200a7d4       0x50 /opt/devkitpro/devkitARM/lib/gcc/arm-none-eabi/9.1.0/../../../../arm-none-eabi/lib/thumb/libg.a(lib_a-fwalk.o)
                0x000000000200a7d4                _fwalk_reent
 .text.iswspace
                0x000000000200a824       0x10 /opt/devkitpro/devkitARM/lib/gcc/arm-none-eabi/9.1.0/../../../../arm-none-eabi/lib/thumb/libg.a(lib_a-iswspace.o)
                0x000000000200a824                iswspace
 .text._localeconv_r
                0x000000000200a834        0x8 /opt/devkitpro/devkitARM/lib/gcc/arm-none-eabi/9.1.0/../../../../arm-none-eabi/lib/thumb/libg.a(lib_a-localeconv.o)
                0x000000000200a834                _localeconv_r
 .text.__locale_mb_cur_max
                0x000000000200a83c       0x10 /opt/devkitpro/devkitARM/lib/gcc/arm-none-eabi/9.1.0/../../../../arm-none-eabi/lib/thumb/libg.a(lib_a-locale.o)
                0x000000000200a83c                __locale_mb_cur_max
 .text.__swhatbuf_r
                0x000000000200a84c       0x64 /opt/devkitpro/devkitARM/lib/gcc/arm-none-eabi/9.1.0/../../../../arm-none-eabi/lib/thumb/libg.a(lib_a-makebuf.o)
                0x000000000200a84c                __swhatbuf_r
 .text.__smakebuf_r
                0x000000000200a8b0       0x98 /opt/devkitpro/devkitARM/lib/gcc/arm-none-eabi/9.1.0/../../../../arm-none-eabi/lib/thumb/libg.a(lib_a-makebuf.o)
                0x000000000200a8b0                __smakebuf_r
 .text._mbrtowc_r
                0x000000000200a948       0x60 /opt/devkitpro/devkitARM/lib/gcc/arm-none-eabi/9.1.0/../../../../arm-none-eabi/lib/thumb/libg.a(lib_a-mbrtowc.o)
                0x000000000200a948                _mbrtowc_r
 .text.__utf8_mbtowc
                0x000000000200a9a8      0x280 /opt/devkitpro/devkitARM/lib/gcc/arm-none-eabi/9.1.0/../../../../arm-none-eabi/lib/thumb/libg.a(lib_a-mbtowc_r.o)
                0x000000000200a9a8                __utf8_mbtowc
 .text.memchr   0x000000000200ac28       0x78 /opt/devkitpro/devkitARM/lib/gcc/arm-none-eabi/9.1.0/../../../../arm-none-eabi/lib/thumb/libg.a(lib_a-memchr-stub.o)
                0x000000000200ac28                memchr
 .text.memmove  0x000000000200aca0       0xb0 /opt/devkitpro/devkitARM/lib/gcc/arm-none-eabi/9.1.0/../../../../arm-none-eabi/lib/thumb/libg.a(lib_a-memmove.o)
                0x000000000200aca0                memmove
 .text.__sccl   0x000000000200ad50       0x90 /opt/devkitpro/devkitARM/lib/gcc/arm-none-eabi/9.1.0/../../../../arm-none-eabi/lib/thumb/libg.a(lib_a-sccl.o)
                0x000000000200ad50                __sccl
 .text.strncpy  0x000000000200ade0       0x74 /opt/devkitpro/devkitARM/lib/gcc/arm-none-eabi/9.1.0/../../../../arm-none-eabi/lib/thumb/libg.a(lib_a-strncpy.o)
                0x000000000200ade0                strncpy
 .text._strtoll_l.isra.0
                0x000000000200ae54      0x1ac /opt/devkitpro/devkitARM/lib/gcc/arm-none-eabi/9.1.0/../../../../arm-none-eabi/lib/thumb/libg.a(lib_a-strtoll.o)
 .text._strtoll_r
                0x000000000200b000        0xc /opt/devkitpro/devkitARM/lib/gcc/arm-none-eabi/9.1.0/../../../../arm-none-eabi/lib/thumb/libg.a(lib_a-strtoll.o)
                0x000000000200b000                _strtoll_r
 .text._strtol_l.isra.0
                0x000000000200b00c      0x140 /opt/devkitpro/devkitARM/lib/gcc/arm-none-eabi/9.1.0/../../../../arm-none-eabi/lib/thumb/libg.a(lib_a-strtol.o)
 .text._strtol_r
                0x000000000200b14c        0xc /opt/devkitpro/devkitARM/lib/gcc/arm-none-eabi/9.1.0/../../../../arm-none-eabi/lib/thumb/libg.a(lib_a-strtol.o)
                0x000000000200b14c                _strtol_r
 .text._strtoull_l.isra.0
                0x000000000200b158      0x1c8 /opt/devkitpro/devkitARM/lib/gcc/arm-none-eabi/9.1.0/../../../../arm-none-eabi/lib/thumb/libg.a(lib_a-strtoull.o)
 .text._strtoull_r
                0x000000000200b320        0xc /opt/devkitpro/devkitARM/lib/gcc/arm-none-eabi/9.1.0/../../../../arm-none-eabi/lib/thumb/libg.a(lib_a-strtoull.o)
                0x000000000200b320                _strtoull_r
 .text._strtoul_l.isra.0
                0x000000000200b32c      0x148 /opt/devkitpro/devkitARM/lib/gcc/arm-none-eabi/9.1.0/../../../../arm-none-eabi/lib/thumb/libg.a(lib_a-strtoul.o)
 .text._strtoul_r
                0x000000000200b474        0xc /opt/devkitpro/devkitARM/lib/gcc/arm-none-eabi/9.1.0/../../../../arm-none-eabi/lib/thumb/libg.a(lib_a-strtoul.o)
                0x000000000200b474                _strtoul_r
 .text._wcsnrtombs_l
                0x000000000200b480      0x138 /opt/devkitpro/devkitARM/lib/gcc/arm-none-eabi/9.1.0/../../../../arm-none-eabi/lib/thumb/libg.a(lib_a-wcsnrtombs.o)
                0x000000000200b480                _wcsnrtombs_l
 .text._wcsnrtombs_r
                0x000000000200b5b8       0x30 /opt/devkitpro/devkitARM/lib/gcc/arm-none-eabi/9.1.0/../../../../arm-none-eabi/lib/thumb/libg.a(lib_a-wcsnrtombs.o)
                0x000000000200b5b8                _wcsnrtombs_r
 .text.__utf8_wctomb
                0x000000000200b5e8       0xb4 /opt/devkitpro/devkitARM/lib/gcc/arm-none-eabi/9.1.0/../../../../arm-none-eabi/lib/thumb/libg.a(lib_a-wctomb_r.o)
                0x000000000200b5e8                __utf8_wctomb
 .text._fclose_r
                0x000000000200b69c       0xe8 /opt/devkitpro/devkitARM/lib/gcc/arm-none-eabi/9.1.0/../../../../arm-none-eabi/lib/thumb/libg.a(lib_a-fclose.o)
                0x000000000200b69c                _fclose_r
 .text.iswspace_l
                0x000000000200b784       0x2c /opt/devkitpro/devkitARM/lib/gcc/arm-none-eabi/9.1.0/../../../../arm-none-eabi/lib/thumb/libg.a(lib_a-iswspace_l.o)
                0x000000000200b784                iswspace_l
 .text.__jp2uc  0x000000000200b7b0      0x164 /opt/devkitpro/devkitARM/lib/gcc/arm-none-eabi/9.1.0/../../../../arm-none-eabi/lib/thumb/libg.a(lib_a-jp2uc.o)
 .text._jp2uc_l
                0x000000000200b914       0x6c /opt/devkitpro/devkitARM/lib/gcc/arm-none-eabi/9.1.0/../../../../arm-none-eabi/lib/thumb/libg.a(lib_a-jp2uc.o)
                0x000000000200b914                _jp2uc_l
 .text.category
                0x000000000200b980       0x58 /opt/devkitpro/devkitARM/lib/gcc/arm-none-eabi/9.1.0/../../../../arm-none-eabi/lib/thumb/libg.a(lib_a-categories.o)
                0x000000000200b980                category
 .text.null_write
                0x000000000200b9d8        0x4 /opt/devkitpro/devkitARM/lib/gcc/arm-none-eabi/9.1.0/../../../../arm-none-eabi/lib/thumb/libsysbase.a(iosupport.o)
 .text._fstat_r
                0x000000000200b9dc       0x4c /opt/devkitpro/devkitARM/lib/gcc/arm-none-eabi/9.1.0/../../../../arm-none-eabi/lib/thumb/libsysbase.a(fstat.o)
                0x000000000200b9dc                _fstat_r
 .text._gettimeofday_r
                0x000000000200ba28       0x28 /opt/devkitpro/devkitARM/lib/gcc/arm-none-eabi/9.1.0/../../../../arm-none-eabi/lib/thumb/libsysbase.a(gettod.o)
                0x000000000200ba28                _gettimeofday_r
 .text._isatty_r
                0x000000000200ba50        0x4 /opt/devkitpro/devkitARM/lib/gcc/arm-none-eabi/9.1.0/../../../../arm-none-eabi/lib/thumb/libsysbase.a(isatty.o)
                0x000000000200ba50                _isatty_r
 .text._lseek_r
                0x000000000200ba54       0x5c /opt/devkitpro/devkitARM/lib/gcc/arm-none-eabi/9.1.0/../../../../arm-none-eabi/lib/thumb/libsysbase.a(lseek.o)
                0x000000000200ba54                _lseek_r
 .text._read_r  0x000000000200bab0       0x50 /opt/devkitpro/devkitARM/lib/gcc/arm-none-eabi/9.1.0/../../../../arm-none-eabi/lib/thumb/libsysbase.a(read.o)
                0x000000000200bab0                _read_r
 .text._sbrk_r  0x000000000200bb00       0x54 /opt/devkitpro/devkitARM/lib/gcc/arm-none-eabi/9.1.0/../../../../arm-none-eabi/lib/thumb/libsysbase.a(sbrk.o)
                0x000000000200bb00                _sbrk_r
 .text._write_r
                0x000000000200bb54       0x50 /opt/devkitpro/devkitARM/lib/gcc/arm-none-eabi/9.1.0/../../../../arm-none-eabi/lib/thumb/libsysbase.a(write.o)
                0x000000000200bb54                _write_r
 .text.build_argv
                0x000000000200bba4       0x4c /opt/devkitpro/devkitARM/lib/gcc/arm-none-eabi/9.1.0/../../../../arm-none-eabi/lib/thumb/libsysbase.a(build_argv.o)
                0x000000000200bba4                build_argv
 .text.__flockfile
                0x000000000200bbf0       0x10 /opt/devkitpro/devkitARM/lib/gcc/arm-none-eabi/9.1.0/../../../../arm-none-eabi/lib/thumb/libsysbase.a(flock.o)
                0x000000000200bbf0                __flockfile
 .text.__funlockfile
                0x000000000200bc00       0x10 /opt/devkitpro/devkitARM/lib/gcc/arm-none-eabi/9.1.0/../../../../arm-none-eabi/lib/thumb/libsysbase.a(flock.o)
                0x000000000200bc00                __funlockfile
 .text.__libc_lock_acquire
                0x000000000200bc10       0x1c /opt/devkitpro/devkitARM/lib/gcc/arm-none-eabi/9.1.0/../../../../arm-none-eabi/lib/thumb/libsysbase.a(syscall_support.o)
                0x000000000200bc10                __libc_lock_acquire
 .text.__libc_lock_release
                0x000000000200bc2c       0x1c /opt/devkitpro/devkitARM/lib/gcc/arm-none-eabi/9.1.0/../../../../arm-none-eabi/lib/thumb/libsysbase.a(syscall_support.o)
                0x000000000200bc2c                __libc_lock_release
 .text.__libc_lock_init_recursive
                0x000000000200bc48       0x1c /opt/devkitpro/devkitARM/lib/gcc/arm-none-eabi/9.1.0/../../../../arm-none-eabi/lib/thumb/libsysbase.a(syscall_support.o)
                0x000000000200bc48                __libc_lock_init_recursive
 .text.__libc_lock_acquire_recursive
                0x000000000200bc64       0x1c /opt/devkitpro/devkitARM/lib/gcc/arm-none-eabi/9.1.0/../../../../arm-none-eabi/lib/thumb/libsysbase.a(syscall_support.o)
                0x000000000200bc64                __libc_lock_acquire_recursive
 .text.__libc_lock_release_recursive
                0x000000000200bc80       0x1c /opt/devkitpro/devkitARM/lib/gcc/arm-none-eabi/9.1.0/../../../../arm-none-eabi/lib/thumb/libsysbase.a(syscall_support.o)
                0x000000000200bc80                __libc_lock_release_recursive
 .text.__libc_lock_close_recursive
                0x000000000200bc9c       0x1c /opt/devkitpro/devkitARM/lib/gcc/arm-none-eabi/9.1.0/../../../../arm-none-eabi/lib/thumb/libsysbase.a(syscall_support.o)
                0x000000000200bc9c                __libc_lock_close_recursive
 .text.__get_handle
                0x000000000200bcb8       0x34 /opt/devkitpro/devkitARM/lib/gcc/arm-none-eabi/9.1.0/../../../../arm-none-eabi/lib/thumb/libsysbase.a(handle_manager.o)
                0x000000000200bcb8                __get_handle
 .text._close_r
                0x000000000200bcec       0xb8 /opt/devkitpro/devkitARM/lib/gcc/arm-none-eabi/9.1.0/../../../../arm-none-eabi/lib/thumb/libsysbase.a(handle_manager.o)
                0x000000000200bcec                _close_r
 .text.__getreent
                0x000000000200bda4       0x28 /opt/devkitpro/devkitARM/lib/gcc/arm-none-eabi/9.1.0/../../../../arm-none-eabi/lib/thumb/libsysbase.a(getreent.o)
                0x000000000200bda4                __getreent
 .text.__muldi3
                0x000000000200bdcc       0x54 /opt/devkitpro/devkitARM/lib/gcc/arm-none-eabi/9.1.0/thumb/libgcc.a(_muldi3.o)
                0x000000000200bdcc                __aeabi_lmul
                0x000000000200bdcc                __muldi3
 .text.__udivmoddi4
                0x000000000200be20      0x19c /opt/devkitpro/devkitARM/lib/gcc/arm-none-eabi/9.1.0/thumb/libgcc.a(_udivmoddi4.o)
                0x000000000200be20                __udivmoddi4
 *fill*         0x000000000200bfbc        0x4 ff
 .text.__udivmoddi4.__stub
                0x000000000200bfc0       0xd0 linker stubs
 *(EXCLUDE_FILE(*.twl*) .gnu.warning)
 *(EXCLUDE_FILE(*.twl*) .gnu.linkonce.t*)
 *(.glue_7)
 .glue_7        0x000000000200c0a0        0x0 linker stubs
 *(.glue_7t)
 .glue_7t       0x000000000200c0a0        0x0 linker stubs
                0x000000000200c0a0                . = ALIGN (0x4)

.vfp11_veneer   0x000000000200c0a0        0x0
 .vfp11_veneer  0x000000000200c0a0        0x0 linker stubs

.v4_bx          0x000000000200c0a0        0x0
 .v4_bx         0x000000000200c0a0        0x0 linker stubs

.iplt           0x000000000200c0a0        0x0
 .iplt          0x000000000200c0a0        0x0 /opt/devkitpro/devkitARM/lib/gcc/arm-none-eabi/9.1.0/../../../../arm-none-eabi/lib/thumb/ds_arm9_crt0.o

.fini           0x000000000200c0a0        0xc
 *(.fini)
 .fini          0x000000000200c0a0        0x4 /opt/devkitpro/devkitARM/lib/gcc/arm-none-eabi/9.1.0/thumb/crti.o
                0x000000000200c0a0                _fini
 .fini          0x000000000200c0a4        0x8 /opt/devkitpro/devkitARM/lib/gcc/arm-none-eabi/9.1.0/thumb/crtn.o
                0x000000000200c0ac                __text_end = .

.rodata         0x000000000200c0ac   0x1e6bc8
 *(EXCLUDE_FILE(*.twl*) .rodata)
 .rodata        0x000000000200c0ac    0x17e00 nether2muerte.o
                0x000000000200c0ac                nether2muerteBitmap
 .rodata        0x0000000002023eac    0x17e00 Cielo2.o
                0x0000000002023eac                Cielo2Bitmap
 .rodata        0x000000000203bcac    0x17e00 fondo3.o
                0x000000000203bcac                fondo3Bitmap
 .rodata        0x0000000002053aac    0x17e00 fondoMuerte.o
                0x0000000002053aac                fondoMuerteBitmap
 .rodata        0x000000000206b8ac    0x18000 Cielo2muerte.o
                0x000000000206b8ac                Cielo2muerteBitmap
 .rodata        0x00000000020838ac    0x17e00 fondo3Muerte.o
                0x00000000020838ac                fondo3MuerteBitmap
 .rodata        0x000000000209b6ac    0x17e00 off.o
                0x000000000209b6ac                offBitmap
 .rodata        0x00000000020b34ac    0x17e00 fondo1.o
                0x00000000020b34ac                fondo1Bitmap
 .rodata        0x00000000020cb2ac    0x17e00 nether3.o
                0x00000000020cb2ac                nether3Bitmap
 .rodata        0x00000000020e30ac    0x17e00 nether3muerte.o
                0x00000000020e30ac                nether3muerteBitmap
 .rodata        0x00000000020faeac    0x17e00 nether.o
                0x00000000020faeac                netherBitmap
 .rodata        0x0000000002112cac    0x17e00 Cielo.o
                0x0000000002112cac                CieloBitmap
 .rodata        0x000000000212aaac    0x17e00 Cielo3.o
                0x000000000212aaac                Cielo3Bitmap
 .rodata        0x00000000021428ac    0x17e00 panPausa.o
                0x00000000021428ac                panPausaBitmap
 .rodata        0x000000000215a6ac    0x17e00 nethermuerte.o
                0x000000000215a6ac                nethermuerteBitmap
 .rodata        0x00000000021724ac    0x17e00 Cielomuerte.o
                0x00000000021724ac                CielomuerteBitmap
 .rodata        0x000000000218a2ac    0x17e00 fondo2Muerte.o
                0x000000000218a2ac                fondo2MuerteBitmap
 .rodata        0x00000000021a20ac    0x17e00 fondo2.o
                0x00000000021a20ac                fondo2Bitmap
 .rodata        0x00000000021b9eac    0x17e00 cielo3muerte.o
                0x00000000021b9eac                cielo3muerteBitmap
 .rodata        0x00000000021d1cac    0x17e00 nether2.o
                0x00000000021d1cac                nether2Bitmap
 .rodata        0x00000000021e9aac     0x2004 /opt/devkitpro/libnds/lib/libnds9.a(default_font.bin.o)
                0x00000000021e9aac                default_font_bin
                0x00000000021ebaac                default_font_bin_end
                0x00000000021ebaac                default_font_bin_size
 *all.rodata*(*)
 *(EXCLUDE_FILE(*.twl*) .roda)
 *(EXCLUDE_FILE(*.twl*) .rodata.*)
 .rodata.str1.4
                0x00000000021ebab0       0x72 tactil.o
 *fill*         0x00000000021ebb22        0x2 ff
 .rodata.str1.4
                0x00000000021ebb24      0x145 main.o
 *fill*         0x00000000021ebc69        0x3 ff
 .rodata.str1.4
                0x00000000021ebc6c      0x3d4 temporizadores.o
                                        0x451 (size before relaxing)
 .rodata.con_write
                0x00000000021ec040       0xd4 /opt/devkitpro/libnds/lib/libnds9.a(console.o)
 .rodata.con_write.str1.4
                0x00000000021ec114       0x30 /opt/devkitpro/libnds/lib/libnds9.a(console.o)
 .rodata.dotab_stdout
                0x00000000021ec144       0x70 /opt/devkitpro/libnds/lib/libnds9.a(console.o)
 .rodata.str1.4
                0x00000000021ec1b4       0x14 /opt/devkitpro/libnds/lib/libnds9.a(console.o)
 .rodata.SIN_LUT
                0x00000000021ec1c8      0x102 /opt/devkitpro/libnds/lib/libnds9.a(trig.o)
                0x00000000021ec1c8                SIN_LUT
 *fill*         0x00000000021ec2ca        0x2 ff
 .rodata.basefix.6959
                0x00000000021ec2cc       0x22 /opt/devkitpro/devkitARM/lib/gcc/arm-none-eabi/9.1.0/../../../../arm-none-eabi/lib/thumb/libg.a(lib_a-svfiscanf.o)
 .rodata._vfiprintf_r.str1.1
                0x00000000021ec2ee       0x29 /opt/devkitpro/devkitARM/lib/gcc/arm-none-eabi/9.1.0/../../../../arm-none-eabi/lib/thumb/libg.a(lib_a-vfiprintf.o)
 *fill*         0x00000000021ec317        0x1 ff
 .rodata.blanks.7396
                0x00000000021ec318       0x10 /opt/devkitpro/devkitARM/lib/gcc/arm-none-eabi/9.1.0/../../../../arm-none-eabi/lib/thumb/libg.a(lib_a-vfiprintf.o)
 .rodata.zeroes.7397
                0x00000000021ec328       0x10 /opt/devkitpro/devkitARM/lib/gcc/arm-none-eabi/9.1.0/../../../../arm-none-eabi/lib/thumb/libg.a(lib_a-vfiprintf.o)
 .rodata._ctype_
                0x00000000021ec338      0x101 /opt/devkitpro/devkitARM/lib/gcc/arm-none-eabi/9.1.0/../../../../arm-none-eabi/lib/thumb/libg.a(lib_a-ctype_.o)
                0x00000000021ec338                _ctype_
 *fill*         0x00000000021ec439        0x3 ff
 .rodata.str1.4
                0x00000000021ec43c       0x48 /opt/devkitpro/devkitARM/lib/gcc/arm-none-eabi/9.1.0/../../../../arm-none-eabi/lib/thumb/libg.a(lib_a-locale.o)
                                         0x4c (size before relaxing)
 .rodata._mbrtowc_r.str1.4
                0x00000000021ec484        0x1 /opt/devkitpro/devkitARM/lib/gcc/arm-none-eabi/9.1.0/../../../../arm-none-eabi/lib/thumb/libg.a(lib_a-mbrtowc.o)
 .rodata.__action_table
                0x00000000021ec484       0x6c /opt/devkitpro/devkitARM/lib/gcc/arm-none-eabi/9.1.0/../../../../arm-none-eabi/lib/thumb/libg.a(lib_a-svfiprintf.o)
                0x00000000021ec484                __action_table
 .rodata.__chclass
                0x00000000021ec4f0      0x100 /opt/devkitpro/devkitARM/lib/gcc/arm-none-eabi/9.1.0/../../../../arm-none-eabi/lib/thumb/libg.a(lib_a-svfiprintf.o)
                0x00000000021ec4f0                __chclass
 .rodata.__state_table
                0x00000000021ec5f0       0x6c /opt/devkitpro/devkitARM/lib/gcc/arm-none-eabi/9.1.0/../../../../arm-none-eabi/lib/thumb/libg.a(lib_a-svfiprintf.o)
                0x00000000021ec5f0                __state_table
 .rodata.__jp2uc
                0x00000000021ec65c       0x20 /opt/devkitpro/devkitARM/lib/gcc/arm-none-eabi/9.1.0/../../../../arm-none-eabi/lib/thumb/libg.a(lib_a-jp2uc.o)
 .rodata._jp2uc_l.str1.4
                0x00000000021ec67c       0x12 /opt/devkitpro/devkitARM/lib/gcc/arm-none-eabi/9.1.0/../../../../arm-none-eabi/lib/thumb/libg.a(lib_a-jp2uc.o)
 *fill*         0x00000000021ec68e        0x2 ff
 .rodata.a1     0x00000000021ec690       0xbc /opt/devkitpro/devkitARM/lib/gcc/arm-none-eabi/9.1.0/../../../../arm-none-eabi/lib/thumb/libg.a(lib_a-jp2uc.o)
 .rodata.a2     0x00000000021ec74c       0xbc /opt/devkitpro/devkitARM/lib/gcc/arm-none-eabi/9.1.0/../../../../arm-none-eabi/lib/thumb/libg.a(lib_a-jp2uc.o)
 .rodata.a3     0x00000000021ec808       0x5b /opt/devkitpro/devkitARM/lib/gcc/arm-none-eabi/9.1.0/../../../../arm-none-eabi/lib/thumb/libg.a(lib_a-jp2uc.o)
 *fill*         0x00000000021ec863        0x1 ff
 .rodata.a6     0x00000000021ec864       0x70 /opt/devkitpro/devkitARM/lib/gcc/arm-none-eabi/9.1.0/../../../../arm-none-eabi/lib/thumb/libg.a(lib_a-jp2uc.o)
 .rodata.a7     0x00000000021ec8d4       0xa2 /opt/devkitpro/devkitARM/lib/gcc/arm-none-eabi/9.1.0/../../../../arm-none-eabi/lib/thumb/libg.a(lib_a-jp2uc.o)
 *fill*         0x00000000021ec976        0x2 ff
 .rodata.a8     0x00000000021ec978       0x40 /opt/devkitpro/devkitARM/lib/gcc/arm-none-eabi/9.1.0/../../../../arm-none-eabi/lib/thumb/libg.a(lib_a-jp2uc.o)
 .rodata.b02cf  0x00000000021ec9b8     0x172a /opt/devkitpro/devkitARM/lib/gcc/arm-none-eabi/9.1.0/../../../../arm-none-eabi/lib/thumb/libg.a(lib_a-jp2uc.o)
 *fill*         0x00000000021ee0e2        0x2 ff
 .rodata.d02f4  0x00000000021ee0e4     0x1a7c /opt/devkitpro/devkitARM/lib/gcc/arm-none-eabi/9.1.0/../../../../arm-none-eabi/lib/thumb/libg.a(lib_a-jp2uc.o)
 .rodata.categories
                0x00000000021efb60     0x309c /opt/devkitpro/devkitARM/lib/gcc/arm-none-eabi/9.1.0/../../../../arm-none-eabi/lib/thumb/libg.a(lib_a-categories.o)
 .rodata.AddDevice.str1.4
                0x00000000021f2bfc        0x8 /opt/devkitpro/devkitARM/lib/gcc/arm-none-eabi/9.1.0/../../../../arm-none-eabi/lib/thumb/libsysbase.a(iosupport.o)
 .rodata.dotab_stdnull
                0x00000000021f2c04       0x70 /opt/devkitpro/devkitARM/lib/gcc/arm-none-eabi/9.1.0/../../../../arm-none-eabi/lib/thumb/libsysbase.a(iosupport.o)
                0x00000000021f2c04                dotab_stdnull
 *(EXCLUDE_FILE(*.twl*) .gnu.linkonce.r*)
                0x00000000021f2c74                . = ALIGN (0x4)

.ARM.extab
 *(.ARM.extab* .gnu.linkonce.armextab.*)
                0x00000000021f2c74                __exidx_start = .

ARM.exidx
 *(.ARM.exidx* .gnu.linkonce.armexidx.*)
                0x00000000021f2c74                __exidx_end = .
                0x00000000021f2c74                . = ALIGN (0x4)
                0x00000000021f2c74                PROVIDE (__preinit_array_start = .)

.preinit_array
 *(.preinit_array)
                0x00000000021f2c74                PROVIDE (__preinit_array_end = .)
                0x00000000021f2c74                PROVIDE (__init_array_start = .)

.init_array     0x00000000021f2c74        0x4
 *(SORT_BY_NAME(.init_array.*))
 *(.init_array)
 .init_array    0x00000000021f2c74        0x4 /opt/devkitpro/devkitARM/lib/gcc/arm-none-eabi/9.1.0/thumb/crtbegin.o
                0x00000000021f2c78                PROVIDE (__init_array_end = .)
                [!provide]                        PROVIDE (__fini_array_start = .)

.fini_array     0x00000000021f2c78        0x4
 *(.fini_array)
 .fini_array    0x00000000021f2c78        0x4 /opt/devkitpro/devkitARM/lib/gcc/arm-none-eabi/9.1.0/thumb/crtbegin.o
 *(SORT_BY_NAME(.fini_array.*))
                [!provide]                        PROVIDE (__fini_array_end = .)

.ctors          0x00000000021f2c7c        0x0
 *crtbegin.o(.ctors)
 *(EXCLUDE_FILE(*crtend.o) .ctors)
 *(SORT_BY_NAME(.ctors.*))
 *(.ctors)
                0x00000000021f2c7c                . = ALIGN (0x4)

.dtors          0x00000000021f2c7c        0x0
 *crtbegin.o(.dtors)
 *(EXCLUDE_FILE(*crtend.o) .dtors)
 *(SORT_BY_NAME(.dtors.*))
 *(.dtors)
                0x00000000021f2c7c                . = ALIGN (0x4)

.eh_frame       0x00000000021f2c7c        0x4
 *(.eh_frame)
 .eh_frame      0x00000000021f2c7c        0x0 /opt/devkitpro/devkitARM/lib/gcc/arm-none-eabi/9.1.0/thumb/crtbegin.o
 .eh_frame      0x00000000021f2c7c        0x4 /opt/devkitpro/devkitARM/lib/gcc/arm-none-eabi/9.1.0/thumb/crtend.o
                0x00000000021f2c80                . = ALIGN (0x4)

.rel.dyn        0x00000000021f2c80        0x0
 .rel.iplt      0x00000000021f2c80        0x0 /opt/devkitpro/devkitARM/lib/gcc/arm-none-eabi/9.1.0/../../../../arm-none-eabi/lib/thumb/ds_arm9_crt0.o

.gcc_except_table
                0x00000000021f2c80        0x0
 *(.gcc_except_table)
                0x00000000021f2c80                . = ALIGN (0x4)

.jcr
 *(.jcr)

.got
 *(.got.plt)
 *(.got)
 *(.rel.got)

.ewram          0x00000000021f2c80        0x0
                0x00000000021f2c80                __ewram_start = ABSOLUTE (.)
 *(.ewram)
 *ewram.*(.text)
                0x00000000021f2c80                . = ALIGN (0x4)

.data           0x00000000021f2c80     0x1fd0
                0x00000000021f2c80                __data_start = ABSOLUTE (.)
 *(EXCLUDE_FILE(*.twl*) .data)
 .data          0x00000000021f2c80      0x120 elementos.o
                0x00000000021f2c80                num_elementos
                0x00000000021f2c84                elementos
                0x00000000021f2c88                elementos_array
 *fill*         0x00000000021f2da0        0x0 ff
 .data          0x00000000021f2da0      0x218 sprites.o
                0x00000000021f2da0                personaje_movimeinto_i
                0x00000000021f2da8                personaje_movimeinto_d
                0x00000000021f2db0                personaje_pos_y
                0x00000000021f2db8                Enem
                0x00000000021f2eb8                Rombo
 .data          0x00000000021f2fb8        0xc main.o
                0x00000000021f2fb8                vida
                0x00000000021f2fbc                killer
                0x00000000021f2fc0                spawn
 .data          0x00000000021f2fc4       0xa4 enemigos.o
                0x00000000021f2fc4                numEnem
                0x00000000021f2fc8                eList
 .data          0x00000000021f3068       0x28 /opt/devkitpro/libnds/lib/libnds9.a(mpu_setup.o)
 *(EXCLUDE_FILE(*.twl*) .data.*)
 .data.currentConsole
                0x00000000021f3090        0x4 /opt/devkitpro/libnds/lib/libnds9.a(console.o)
                0x00000000021f3090                currentConsole
 .data.defaultConsole
                0x00000000021f3094       0x5c /opt/devkitpro/libnds/lib/libnds9.a(console.o)
                0x00000000021f3094                defaultConsole
 .data.firstConsoleInit.6889
                0x00000000021f30f0        0x1 /opt/devkitpro/libnds/lib/libnds9.a(console.o)
 *fill*         0x00000000021f30f1        0x3 ff
 .data.oamMain  0x00000000021f30f4       0x18 /opt/devkitpro/libnds/lib/libnds9.a(sprite.o)
                0x00000000021f30f4                oamMain
 .data.oamSub   0x00000000021f310c       0x18 /opt/devkitpro/libnds/lib/libnds9.a(sprite.o)
                0x00000000021f310c                oamSub
 .data.fifo_buffer_free
                0x00000000021f3124        0x4 /opt/devkitpro/libnds/lib/libnds9.a(fifosystem.o)
                0x00000000021f3124                fifo_buffer_free
 .data.fifo_freewords
                0x00000000021f3128        0x4 /opt/devkitpro/libnds/lib/libnds9.a(fifosystem.o)
                0x00000000021f3128                fifo_freewords
 .data.fifo_receive_queue
                0x00000000021f312c        0x4 /opt/devkitpro/libnds/lib/libnds9.a(fifosystem.o)
                0x00000000021f312c                fifo_receive_queue
 .data.fifo_send_queue
                0x00000000021f3130        0x4 /opt/devkitpro/libnds/lib/libnds9.a(fifosystem.o)
                0x00000000021f3130                fifo_send_queue
 .data.bgControl
                0x00000000021f3134       0x20 /opt/devkitpro/libnds/lib/libnds9.a(background.o)
                0x00000000021f3134                bgControl
 .data.bgScrollTable
                0x00000000021f3154       0x20 /opt/devkitpro/libnds/lib/libnds9.a(background.o)
                0x00000000021f3154                bgScrollTable
 .data.bgTransform
                0x00000000021f3174       0x20 /opt/devkitpro/libnds/lib/libnds9.a(background.o)
                0x00000000021f3174                bgTransform
 .data.__malloc_av_
                0x00000000021f3194      0x408 /opt/devkitpro/devkitARM/lib/gcc/arm-none-eabi/9.1.0/../../../../arm-none-eabi/lib/thumb/libg.a(lib_a-mallocr.o)
                0x00000000021f3194                __malloc_av_
 .data.__malloc_sbrk_base
                0x00000000021f359c        0x4 /opt/devkitpro/devkitARM/lib/gcc/arm-none-eabi/9.1.0/../../../../arm-none-eabi/lib/thumb/libg.a(lib_a-mallocr.o)
                0x00000000021f359c                __malloc_sbrk_base
 .data.__malloc_trim_threshold
                0x00000000021f35a0        0x4 /opt/devkitpro/devkitARM/lib/gcc/arm-none-eabi/9.1.0/../../../../arm-none-eabi/lib/thumb/libg.a(lib_a-mallocr.o)
                0x00000000021f35a0                __malloc_trim_threshold
 .data.__malloc_recursive_mutex
                0x00000000021f35a4        0xc /opt/devkitpro/devkitARM/lib/gcc/arm-none-eabi/9.1.0/../../../../arm-none-eabi/lib/thumb/libg.a(lib_a-mlock.o)
 .data.__sfp_recursive_mutex
                0x00000000021f35b0        0xc /opt/devkitpro/devkitARM/lib/gcc/arm-none-eabi/9.1.0/../../../../arm-none-eabi/lib/thumb/libg.a(lib_a-findfp.o)
 .data.__sinit_recursive_mutex
                0x00000000021f35bc        0xc /opt/devkitpro/devkitARM/lib/gcc/arm-none-eabi/9.1.0/../../../../arm-none-eabi/lib/thumb/libg.a(lib_a-findfp.o)
 .data._impure_ptr
                0x00000000021f35c8        0x4 /opt/devkitpro/devkitARM/lib/gcc/arm-none-eabi/9.1.0/../../../../arm-none-eabi/lib/thumb/libg.a(lib_a-impure.o)
                0x00000000021f35c8                _impure_ptr
 *fill*         0x00000000021f35cc        0x4 ff
 .data.impure_data
                0x00000000021f35d0      0x460 /opt/devkitpro/devkitARM/lib/gcc/arm-none-eabi/9.1.0/../../../../arm-none-eabi/lib/thumb/libg.a(lib_a-impure.o)
 .data.__global_locale
                0x00000000021f3a30      0x16c /opt/devkitpro/devkitARM/lib/gcc/arm-none-eabi/9.1.0/../../../../arm-none-eabi/lib/thumb/libg.a(lib_a-locale.o)
                0x00000000021f3a30                __global_locale
 .data.devoptab_list
                0x00000000021f3b9c       0x8c /opt/devkitpro/devkitARM/lib/gcc/arm-none-eabi/9.1.0/../../../../arm-none-eabi/lib/thumb/libsysbase.a(iosupport.o)
                0x00000000021f3b9c                devoptab_list
 .data.__hndl_lock
                0x00000000021f3c28        0x4 /opt/devkitpro/devkitARM/lib/gcc/arm-none-eabi/9.1.0/../../../../arm-none-eabi/lib/thumb/libsysbase.a(handle_manager.o)
 .data.__stderr_handle
                0x00000000021f3c2c        0xc /opt/devkitpro/devkitARM/lib/gcc/arm-none-eabi/9.1.0/../../../../arm-none-eabi/lib/thumb/libsysbase.a(handle_manager.o)
 .data.__stdin_handle
                0x00000000021f3c38        0xc /opt/devkitpro/devkitARM/lib/gcc/arm-none-eabi/9.1.0/../../../../arm-none-eabi/lib/thumb/libsysbase.a(handle_manager.o)
 .data.__stdout_handle
                0x00000000021f3c44        0xc /opt/devkitpro/devkitARM/lib/gcc/arm-none-eabi/9.1.0/../../../../arm-none-eabi/lib/thumb/libsysbase.a(handle_manager.o)
 .data.handles  0x00000000021f3c50     0x1000 /opt/devkitpro/devkitARM/lib/gcc/arm-none-eabi/9.1.0/../../../../arm-none-eabi/lib/thumb/libsysbase.a(handle_manager.o)
 *(EXCLUDE_FILE(*.twl*) .gnu.linkonce.d*)
                0x00000000021f4c50                . = ALIGN (0x4)
                0x00000000021f4c50                __data_end = ABSOLUTE (.)
                0x00000000021f4c50                __bss_vma = .

.igot.plt       0x00000000021f4c50        0x0
 .igot.plt      0x00000000021f4c50        0x0 /opt/devkitpro/devkitARM/lib/gcc/arm-none-eabi/9.1.0/../../../../arm-none-eabi/lib/thumb/ds_arm9_crt0.o

.tm_clone_table
                0x00000000021f4c50        0x0
 .tm_clone_table
                0x00000000021f4c50        0x0 /opt/devkitpro/devkitARM/lib/gcc/arm-none-eabi/9.1.0/thumb/crtbegin.o
 .tm_clone_table
                0x00000000021f4c50        0x0 /opt/devkitpro/devkitARM/lib/gcc/arm-none-eabi/9.1.0/thumb/crtend.o

.dtcm           0x000000000b000000        0x0 load address 0x00000000021f4c50
                0x00000000021f4c50                __dtcm_lma = LOADADDR (.dtcm)
                0x000000000b000000                __dtcm_start = ABSOLUTE (.)
 *(.dtcm)
 *(.dtcm.*)
                0x000000000b000000                . = ALIGN (0x4)
                0x000000000b000000                __dtcm_end = ABSOLUTE (.)

.itcm           0x0000000001000100      0x194 load address 0x00000000021f4c50
                0x00000000021f4c50                __itcm_lma = LOADADDR (.itcm)
                0x0000000001000100                __itcm_start = ABSOLUTE (.)
 *(.itcm)
 .itcm          0x0000000001000100       0xc8 /opt/devkitpro/libnds/lib/libnds9.a(interrupts.o)
                0x0000000001000100                irqTable
 .itcm          0x00000000010001c8       0xcc /opt/devkitpro/libnds/lib/libnds9.a(interruptDispatcher.o)
                0x00000000010001c8                IntrMain
 *.itcm*(.text .stub .text.*)
                0x0000000001000294                . = ALIGN (0x4)
                0x0000000001000294                __itcm_end = ABSOLUTE (.)

.vectors        0x0000000001000000        0x0 load address 0x00000000021f4de4
                0x00000000021f4de4                __vectors_lma = LOADADDR (.vectors)
                0x0000000001000000                __vectors_start = ABSOLUTE (.)
 *(.vectors .vectors.*)
                0x0000000001000000                . = ALIGN (0x4)
                0x0000000001000000                __vectors_end = ABSOLUTE (.)

.sbss           0x000000000b000000        0x0
                0x000000000b000000                __sbss_start = ABSOLUTE (.)
                0x000000000b000000                __sbss_start__ = ABSOLUTE (.)
 *(.sbss)
                0x000000000b000000                . = ALIGN (0x4)
                0x000000000b000000                __sbss_end = ABSOLUTE (.)

.bss            0x00000000021f4c50     0x1538
                0x00000000021f4c50                __bss_start = ABSOLUTE (.)
                0x00000000021f4c50                __bss_start__ = ABSOLUTE (.)
 *(EXCLUDE_FILE(*.twl*) .dynbss)
 *(EXCLUDE_FILE(*.twl*) .gnu.linkonce.b*)
 *(EXCLUDE_FILE(*.twl*) .bss*)
 .bss.completed.9071
                0x00000000021f4c50        0x1 /opt/devkitpro/devkitARM/lib/gcc/arm-none-eabi/9.1.0/thumb/crtbegin.o
 *fill*         0x00000000021f4c51        0x3 
 .bss.object.9076
                0x00000000021f4c54       0x18 /opt/devkitpro/devkitARM/lib/gcc/arm-none-eabi/9.1.0/thumb/crtbegin.o
 *fill*         0x00000000021f4c6c        0x4 
 .bss           0x00000000021f4c70       0x18 gravedad.o
                0x00000000021f4c70                ESTADO
                0x00000000021f4c74                g_personaje
                0x00000000021f4c78                aceleracion
                0x00000000021f4c80                paracaidas
                0x00000000021f4c84                seg
 .bss           0x00000000021f4c88       0x28 teclado.o
                0x00000000021f4c88                teclas_pulsadas
 .bss           0x00000000021f4cb0       0x10 sprites.o
                0x00000000021f4cb0                personaje_pos_x
 .bss           0x00000000021f4cc0       0x1c main.o
                0x00000000021f4cc0                puntuacion
                0x00000000021f4cc4                apag
                0x00000000021f4cc8                tempK
                0x00000000021f4ccc                rein
                0x00000000021f4cd0                restavida
                0x00000000021f4cd4                Ecolision
                0x00000000021f4cd8                enemCounter
 .bss           0x00000000021f4cdc        0x4 temporizadores.o
 .bss.SDcallback
                0x00000000021f4ce0        0x4 /opt/devkitpro/libnds/lib/libnds9.a(system.o)
 .bss.processing
                0x00000000021f4ce4        0x4 /opt/devkitpro/libnds/lib/libnds9.a(fifosystem.o)
                0x00000000021f4ce4                processing
 .bss.__malloc_current_mallinfo
                0x00000000021f4ce8       0x28 /opt/devkitpro/devkitARM/lib/gcc/arm-none-eabi/9.1.0/../../../../arm-none-eabi/lib/thumb/libg.a(lib_a-mallocr.o)
                0x00000000021f4ce8                __malloc_current_mallinfo
 .bss.__malloc_max_sbrked_mem
                0x00000000021f4d10        0x4 /opt/devkitpro/devkitARM/lib/gcc/arm-none-eabi/9.1.0/../../../../arm-none-eabi/lib/thumb/libg.a(lib_a-mallocr.o)
                0x00000000021f4d10                __malloc_max_sbrked_mem
 .bss.__malloc_max_total_mem
                0x00000000021f4d14        0x4 /opt/devkitpro/devkitARM/lib/gcc/arm-none-eabi/9.1.0/../../../../arm-none-eabi/lib/thumb/libg.a(lib_a-mallocr.o)
                0x00000000021f4d14                __malloc_max_total_mem
 .bss.__malloc_top_pad
                0x00000000021f4d18        0x4 /opt/devkitpro/devkitARM/lib/gcc/arm-none-eabi/9.1.0/../../../../arm-none-eabi/lib/thumb/libg.a(lib_a-mallocr.o)
                0x00000000021f4d18                __malloc_top_pad
 .bss.heap_start.6057
                0x00000000021f4d1c        0x4 /opt/devkitpro/devkitARM/lib/gcc/arm-none-eabi/9.1.0/../../../../arm-none-eabi/lib/thumb/libsysbase.a(sbrk.o)
 .bss.fake_heap_end
                0x00000000021f4d20        0x4 /opt/devkitpro/devkitARM/lib/gcc/arm-none-eabi/9.1.0/../../../../arm-none-eabi/lib/thumb/libsysbase.a(malloc_vars.o)
                0x00000000021f4d20                fake_heap_end
 .bss.fake_heap_start
                0x00000000021f4d24        0x4 /opt/devkitpro/devkitARM/lib/gcc/arm-none-eabi/9.1.0/../../../../arm-none-eabi/lib/thumb/libsysbase.a(malloc_vars.o)
                0x00000000021f4d24                fake_heap_start
 .bss.__syscalls
                0x00000000021f4d28       0x48 /opt/devkitpro/devkitARM/lib/gcc/arm-none-eabi/9.1.0/../../../../arm-none-eabi/lib/thumb/libsysbase.a(syscall_support.o)
                0x00000000021f4d28                __syscalls
 *(EXCLUDE_FILE(*.twl*) COMMON)
 COMMON         0x00000000021f4d70        0xc gravedad.o
                0x00000000021f4d70                nueva_posicion
                0x00000000021f4d78                elemento
 COMMON         0x00000000021f4d7c        0xc tactil.o
                0x00000000021f4d7c                pos
 COMMON         0x00000000021f4d88        0x4 teclado.o
                0x00000000021f4d88                elem_pos
 COMMON         0x00000000021f4d8c        0x8 sprites.o
                0x00000000021f4d8c                gfxRombo
                0x00000000021f4d90                gfxEnem
 COMMON         0x00000000021f4d94        0x8 main.o
                0x00000000021f4d94                dif
                0x00000000021f4d98                antp
 COMMON         0x00000000021f4d9c       0x5c /opt/devkitpro/libnds/lib/libnds9.a(console.o)
                0x00000000021f4d9c                currentCopy
 COMMON         0x00000000021f4df8      0x800 /opt/devkitpro/libnds/lib/libnds9.a(sprite.o)
                0x00000000021f4df8                OamMemorySub
                0x00000000021f51f8                OamMemory
 COMMON         0x00000000021f55f8        0x1 /opt/devkitpro/libnds/lib/libnds9.a(initSystem.o)
                0x00000000021f55f8                __dsimode
 *fill*         0x00000000021f55f9        0x3 
 COMMON         0x00000000021f55fc        0x4 /opt/devkitpro/libnds/lib/libnds9.a(timeSupport.o)
                0x00000000021f55fc                punixTime
 COMMON         0x00000000021f5600      0xa40 /opt/devkitpro/libnds/lib/libnds9.a(fifosystem.o)
                0x00000000021f5600                fifo_datamsg_data
                0x00000000021f5640                fifo_buffer
                0x00000000021f5e40                fifo_value32_func
                0x00000000021f5e80                fifo_address_func
                0x00000000021f5ec0                fifo_value32_data
                0x00000000021f5f00                fifo_value32_queue
                0x00000000021f5f40                fifo_data_queue
                0x00000000021f5f80                fifo_address_data
                0x00000000021f5fc0                fifo_datamsg_func
                0x00000000021f6000                fifo_address_queue
 COMMON         0x00000000021f6040      0x148 /opt/devkitpro/libnds/lib/libnds9.a(background.o)
                0x00000000021f6040                bgState
                0x00000000021f6180                bgIsTextLut
                0x00000000021f6188                . = ALIGN (0x4)
                0x00000000021f6188                __bss_end__ = ABSOLUTE (.)
                0x00000000021f6188                __end__ = ABSOLUTE (.)

.twl            0x00000000021f6188        0x0 load address 0x0000000002400000
                0x0000000002400000                __arm9i_lma__ = LOADADDR (.twl)
                0x00000000021f6188                __arm9i_start__ = ABSOLUTE (.)
 *(.twl)
 *.twl*(.text .stub .text.* .gnu.linkonce.t.*)
 *.twl*(.rodata)
 *.twl*(.roda)
 *.twl*(.rodata.*)
 *.twl*(.data)
 *.twl*(.data.*)
 *.twl*(.gnu.linkonce.d*)
                0x00000000021f6188                __arm9i_end__ = ABSOLUTE (.)

.twl_bss        0x00000000021f6188        0x0
                0x00000000021f6188                __twl_bss_start__ = ABSOLUTE (.)
 *(.twl_bss)
 *.twl*(.dynbss)
 *.twl*(.gnu.linkonce.b*)
 *.twl*(.bss*)
 *.twl*(COMMON)
                0x00000000021f6188                . = ALIGN (0x4)
                0x00000000021f6188                __twl_bss_end__ = ABSOLUTE (.)
                0x00000000021f6188                __twl_end__ = ABSOLUTE (.)

.stab
 *(.stab)

.stabstr
 *(.stabstr)

.stab.excl
 *(.stab.excl)

.stab.exclstr
 *(.stab.exclstr)

.stab.index
 *(.stab.index)

.stab.indexstr
 *(.stab.indexstr)

.comment        0x0000000000000000       0x44
 *(.comment)
 .comment       0x0000000000000000       0x22 /opt/devkitpro/devkitARM/lib/gcc/arm-none-eabi/9.1.0/thumb/crtbegin.o
                                         0x23 (size before relaxing)
 .comment       0x0000000000000022       0x23 gravedad.o
 .comment       0x0000000000000022       0x23 rutserv.o
 .comment       0x0000000000000022       0x23 tactil.o
 .comment       0x0000000000000022       0x23 teclado.o
 .comment       0x0000000000000022       0x23 graficos.o
 .comment       0x0000000000000022       0x23 elementos.o
 .comment       0x0000000000000022       0x23 sprites.o
 .comment       0x0000000000000022       0x23 main.o
 .comment       0x0000000000000022       0x23 fondos.o
 .comment       0x0000000000000022       0x23 temporizadores.o
 .comment       0x0000000000000022       0x23 enemigos.o
 .comment       0x0000000000000022       0x22 /opt/devkitpro/libnds/lib/libnds9.a(video.o)
                                         0x23 (size before relaxing)
 .comment       0x0000000000000044       0x23 /opt/devkitpro/libnds/lib/libnds9.a(touch.o)
 .comment       0x0000000000000044       0x23 /opt/devkitpro/libnds/lib/libnds9.a(sprite_alloc.o)
 .comment       0x0000000000000044       0x23 /opt/devkitpro/libnds/lib/libnds9.a(system.o)
 .comment       0x0000000000000044       0x23 /opt/devkitpro/libnds/lib/libnds9.a(console.o)
 .comment       0x0000000000000044       0x23 /opt/devkitpro/libnds/lib/libnds9.a(sprite.o)
 .comment       0x0000000000000044       0x23 /opt/devkitpro/libnds/lib/libnds9.a(initSystem.o)
 .comment       0x0000000000000044       0x23 /opt/devkitpro/libnds/lib/libnds9.a(timeSupport.o)
 .comment       0x0000000000000044       0x23 /opt/devkitpro/libnds/lib/libnds9.a(securearea.o)
 .comment       0x0000000000000044       0x23 /opt/devkitpro/libnds/lib/libnds9.a(interrupts.o)
 .comment       0x0000000000000044       0x23 /opt/devkitpro/libnds/lib/libnds9.a(libnds_exit.arm.o)
 .comment       0x0000000000000044       0x23 /opt/devkitpro/libnds/lib/libnds9.a(fifosystem.o)
 .comment       0x0000000000000044       0x23 /opt/devkitpro/libnds/lib/libnds9.a(background.o)
 .comment       0x0000000000000044       0x23 /opt/devkitpro/libnds/lib/libnds9.a(trig.o)
 .comment       0x0000000000000044       0x23 /opt/devkitpro/devkitARM/lib/gcc/arm-none-eabi/9.1.0/../../../../arm-none-eabi/lib/thumb/libg.a(lib_a-init.o)
 .comment       0x0000000000000044       0x23 /opt/devkitpro/devkitARM/lib/gcc/arm-none-eabi/9.1.0/../../../../arm-none-eabi/lib/thumb/libg.a(lib_a-iprintf.o)
 .comment       0x0000000000000044       0x23 /opt/devkitpro/devkitARM/lib/gcc/arm-none-eabi/9.1.0/../../../../arm-none-eabi/lib/thumb/libg.a(lib_a-malloc.o)
 .comment       0x0000000000000044       0x23 /opt/devkitpro/devkitARM/lib/gcc/arm-none-eabi/9.1.0/../../../../arm-none-eabi/lib/thumb/libg.a(lib_a-mallocr.o)
 .comment       0x0000000000000044       0x23 /opt/devkitpro/devkitARM/lib/gcc/arm-none-eabi/9.1.0/../../../../arm-none-eabi/lib/thumb/libg.a(lib_a-memcpy-stub.o)
 .comment       0x0000000000000044       0x23 /opt/devkitpro/devkitARM/lib/gcc/arm-none-eabi/9.1.0/../../../../arm-none-eabi/lib/thumb/libg.a(lib_a-memset.o)
 .comment       0x0000000000000044       0x23 /opt/devkitpro/devkitARM/lib/gcc/arm-none-eabi/9.1.0/../../../../arm-none-eabi/lib/thumb/libg.a(lib_a-mlock.o)
 .comment       0x0000000000000044       0x23 /opt/devkitpro/devkitARM/lib/gcc/arm-none-eabi/9.1.0/../../../../arm-none-eabi/lib/thumb/libg.a(lib_a-rand.o)
 .comment       0x0000000000000044       0x23 /opt/devkitpro/devkitARM/lib/gcc/arm-none-eabi/9.1.0/../../../../arm-none-eabi/lib/thumb/libg.a(lib_a-realloc.o)
 .comment       0x0000000000000044       0x23 /opt/devkitpro/devkitARM/lib/gcc/arm-none-eabi/9.1.0/../../../../arm-none-eabi/lib/thumb/libg.a(lib_a-reallocr.o)
 .comment       0x0000000000000044       0x23 /opt/devkitpro/devkitARM/lib/gcc/arm-none-eabi/9.1.0/../../../../arm-none-eabi/lib/thumb/libg.a(lib_a-setvbuf.o)
 .comment       0x0000000000000044       0x23 /opt/devkitpro/devkitARM/lib/gcc/arm-none-eabi/9.1.0/../../../../arm-none-eabi/lib/thumb/libg.a(lib_a-siscanf.o)
 .comment       0x0000000000000044       0x23 /opt/devkitpro/devkitARM/lib/gcc/arm-none-eabi/9.1.0/../../../../arm-none-eabi/lib/thumb/libg.a(lib_a-stdio.o)
 .comment       0x0000000000000044       0x23 /opt/devkitpro/devkitARM/lib/gcc/arm-none-eabi/9.1.0/../../../../arm-none-eabi/lib/thumb/libg.a(lib_a-strlen-stub.o)
 .comment       0x0000000000000044       0x23 /opt/devkitpro/devkitARM/lib/gcc/arm-none-eabi/9.1.0/../../../../arm-none-eabi/lib/thumb/libg.a(lib_a-svfiscanf.o)
 .comment       0x0000000000000044       0x23 /opt/devkitpro/devkitARM/lib/gcc/arm-none-eabi/9.1.0/../../../../arm-none-eabi/lib/thumb/libg.a(lib_a-time.o)
 .comment       0x0000000000000044       0x23 /opt/devkitpro/devkitARM/lib/gcc/arm-none-eabi/9.1.0/../../../../arm-none-eabi/lib/thumb/libg.a(lib_a-ungetc.o)
 .comment       0x0000000000000044       0x23 /opt/devkitpro/devkitARM/lib/gcc/arm-none-eabi/9.1.0/../../../../arm-none-eabi/lib/thumb/libg.a(lib_a-vfiprintf.o)
 .comment       0x0000000000000044       0x23 /opt/devkitpro/devkitARM/lib/gcc/arm-none-eabi/9.1.0/../../../../arm-none-eabi/lib/thumb/libg.a(lib_a-wcrtomb.o)
 .comment       0x0000000000000044       0x23 /opt/devkitpro/devkitARM/lib/gcc/arm-none-eabi/9.1.0/../../../../arm-none-eabi/lib/thumb/libg.a(lib_a-wcsrtombs.o)
 .comment       0x0000000000000044       0x23 /opt/devkitpro/devkitARM/lib/gcc/arm-none-eabi/9.1.0/../../../../arm-none-eabi/lib/thumb/libg.a(lib_a-wsetup.o)
 .comment       0x0000000000000044       0x23 /opt/devkitpro/devkitARM/lib/gcc/arm-none-eabi/9.1.0/../../../../arm-none-eabi/lib/thumb/libg.a(lib_a-ctype_.o)
 .comment       0x0000000000000044       0x23 /opt/devkitpro/devkitARM/lib/gcc/arm-none-eabi/9.1.0/../../../../arm-none-eabi/lib/thumb/libg.a(lib_a-fflush.o)
 .comment       0x0000000000000044       0x23 /opt/devkitpro/devkitARM/lib/gcc/arm-none-eabi/9.1.0/../../../../arm-none-eabi/lib/thumb/libg.a(lib_a-findfp.o)
 .comment       0x0000000000000044       0x23 /opt/devkitpro/devkitARM/lib/gcc/arm-none-eabi/9.1.0/../../../../arm-none-eabi/lib/thumb/libg.a(lib_a-freer.o)
 .comment       0x0000000000000044       0x23 /opt/devkitpro/devkitARM/lib/gcc/arm-none-eabi/9.1.0/../../../../arm-none-eabi/lib/thumb/libg.a(lib_a-fvwrite.o)
 .comment       0x0000000000000044       0x23 /opt/devkitpro/devkitARM/lib/gcc/arm-none-eabi/9.1.0/../../../../arm-none-eabi/lib/thumb/libg.a(lib_a-fwalk.o)
 .comment       0x0000000000000044       0x23 /opt/devkitpro/devkitARM/lib/gcc/arm-none-eabi/9.1.0/../../../../arm-none-eabi/lib/thumb/libg.a(lib_a-impure.o)
 .comment       0x0000000000000044       0x23 /opt/devkitpro/devkitARM/lib/gcc/arm-none-eabi/9.1.0/../../../../arm-none-eabi/lib/thumb/libg.a(lib_a-iswspace.o)
 .comment       0x0000000000000044       0x23 /opt/devkitpro/devkitARM/lib/gcc/arm-none-eabi/9.1.0/../../../../arm-none-eabi/lib/thumb/libg.a(lib_a-localeconv.o)
 .comment       0x0000000000000044       0x23 /opt/devkitpro/devkitARM/lib/gcc/arm-none-eabi/9.1.0/../../../../arm-none-eabi/lib/thumb/libg.a(lib_a-locale.o)
 .comment       0x0000000000000044       0x23 /opt/devkitpro/devkitARM/lib/gcc/arm-none-eabi/9.1.0/../../../../arm-none-eabi/lib/thumb/libg.a(lib_a-makebuf.o)
 .comment       0x0000000000000044       0x23 /opt/devkitpro/devkitARM/lib/gcc/arm-none-eabi/9.1.0/../../../../arm-none-eabi/lib/thumb/libg.a(lib_a-mbrtowc.o)
 .comment       0x0000000000000044       0x23 /opt/devkitpro/devkitARM/lib/gcc/arm-none-eabi/9.1.0/../../../../arm-none-eabi/lib/thumb/libg.a(lib_a-mbtowc_r.o)
 .comment       0x0000000000000044       0x23 /opt/devkitpro/devkitARM/lib/gcc/arm-none-eabi/9.1.0/../../../../arm-none-eabi/lib/thumb/libg.a(lib_a-memchr-stub.o)
 .comment       0x0000000000000044       0x23 /opt/devkitpro/devkitARM/lib/gcc/arm-none-eabi/9.1.0/../../../../arm-none-eabi/lib/thumb/libg.a(lib_a-memmove.o)
 .comment       0x0000000000000044       0x23 /opt/devkitpro/devkitARM/lib/gcc/arm-none-eabi/9.1.0/../../../../arm-none-eabi/lib/thumb/libg.a(lib_a-sccl.o)
 .comment       0x0000000000000044       0x23 /opt/devkitpro/devkitARM/lib/gcc/arm-none-eabi/9.1.0/../../../../arm-none-eabi/lib/thumb/libg.a(lib_a-strncpy.o)
 .comment       0x0000000000000044       0x23 /opt/devkitpro/devkitARM/lib/gcc/arm-none-eabi/9.1.0/../../../../arm-none-eabi/lib/thumb/libg.a(lib_a-strtoll.o)
 .comment       0x0000000000000044       0x23 /opt/devkitpro/devkitARM/lib/gcc/arm-none-eabi/9.1.0/../../../../arm-none-eabi/lib/thumb/libg.a(lib_a-strtol.o)
 .comment       0x0000000000000044       0x23 /opt/devkitpro/devkitARM/lib/gcc/arm-none-eabi/9.1.0/../../../../arm-none-eabi/lib/thumb/libg.a(lib_a-strtoull.o)
 .comment       0x0000000000000044       0x23 /opt/devkitpro/devkitARM/lib/gcc/arm-none-eabi/9.1.0/../../../../arm-none-eabi/lib/thumb/libg.a(lib_a-strtoul.o)
 .comment       0x0000000000000044       0x23 /opt/devkitpro/devkitARM/lib/gcc/arm-none-eabi/9.1.0/../../../../arm-none-eabi/lib/thumb/libg.a(lib_a-svfiprintf.o)
 .comment       0x0000000000000044       0x23 /opt/devkitpro/devkitARM/lib/gcc/arm-none-eabi/9.1.0/../../../../arm-none-eabi/lib/thumb/libg.a(lib_a-wcsnrtombs.o)
 .comment       0x0000000000000044       0x23 /opt/devkitpro/devkitARM/lib/gcc/arm-none-eabi/9.1.0/../../../../arm-none-eabi/lib/thumb/libg.a(lib_a-wctomb_r.o)
 .comment       0x0000000000000044       0x23 /opt/devkitpro/devkitARM/lib/gcc/arm-none-eabi/9.1.0/../../../../arm-none-eabi/lib/thumb/libg.a(lib_a-fclose.o)
 .comment       0x0000000000000044       0x23 /opt/devkitpro/devkitARM/lib/gcc/arm-none-eabi/9.1.0/../../../../arm-none-eabi/lib/thumb/libg.a(lib_a-iswspace_l.o)
 .comment       0x0000000000000044       0x23 /opt/devkitpro/devkitARM/lib/gcc/arm-none-eabi/9.1.0/../../../../arm-none-eabi/lib/thumb/libg.a(lib_a-jp2uc.o)
 .comment       0x0000000000000044       0x23 /opt/devkitpro/devkitARM/lib/gcc/arm-none-eabi/9.1.0/../../../../arm-none-eabi/lib/thumb/libg.a(lib_a-categories.o)
 .comment       0x0000000000000044       0x23 /opt/devkitpro/devkitARM/lib/gcc/arm-none-eabi/9.1.0/../../../../arm-none-eabi/lib/thumb/libsysbase.a(iosupport.o)
 .comment       0x0000000000000044       0x23 /opt/devkitpro/devkitARM/lib/gcc/arm-none-eabi/9.1.0/../../../../arm-none-eabi/lib/thumb/libsysbase.a(fstat.o)
 .comment       0x0000000000000044       0x23 /opt/devkitpro/devkitARM/lib/gcc/arm-none-eabi/9.1.0/../../../../arm-none-eabi/lib/thumb/libsysbase.a(gettod.o)
 .comment       0x0000000000000044       0x23 /opt/devkitpro/devkitARM/lib/gcc/arm-none-eabi/9.1.0/../../../../arm-none-eabi/lib/thumb/libsysbase.a(isatty.o)
 .comment       0x0000000000000044       0x23 /opt/devkitpro/devkitARM/lib/gcc/arm-none-eabi/9.1.0/../../../../arm-none-eabi/lib/thumb/libsysbase.a(lseek.o)
 .comment       0x0000000000000044       0x23 /opt/devkitpro/devkitARM/lib/gcc/arm-none-eabi/9.1.0/../../../../arm-none-eabi/lib/thumb/libsysbase.a(read.o)
 .comment       0x0000000000000044       0x23 /opt/devkitpro/devkitARM/lib/gcc/arm-none-eabi/9.1.0/../../../../arm-none-eabi/lib/thumb/libsysbase.a(sbrk.o)
 .comment       0x0000000000000044       0x23 /opt/devkitpro/devkitARM/lib/gcc/arm-none-eabi/9.1.0/../../../../arm-none-eabi/lib/thumb/libsysbase.a(write.o)
 .comment       0x0000000000000044       0x23 /opt/devkitpro/devkitARM/lib/gcc/arm-none-eabi/9.1.0/../../../../arm-none-eabi/lib/thumb/libsysbase.a(malloc_vars.o)
 .comment       0x0000000000000044       0x23 /opt/devkitpro/devkitARM/lib/gcc/arm-none-eabi/9.1.0/../../../../arm-none-eabi/lib/thumb/libsysbase.a(build_argv.o)
 .comment       0x0000000000000044       0x23 /opt/devkitpro/devkitARM/lib/gcc/arm-none-eabi/9.1.0/../../../../arm-none-eabi/lib/thumb/libsysbase.a(flock.o)
 .comment       0x0000000000000044       0x23 /opt/devkitpro/devkitARM/lib/gcc/arm-none-eabi/9.1.0/../../../../arm-none-eabi/lib/thumb/libsysbase.a(syscall_support.o)
 .comment       0x0000000000000044       0x23 /opt/devkitpro/devkitARM/lib/gcc/arm-none-eabi/9.1.0/../../../../arm-none-eabi/lib/thumb/libsysbase.a(handle_manager.o)
 .comment       0x0000000000000044       0x23 /opt/devkitpro/devkitARM/lib/gcc/arm-none-eabi/9.1.0/../../../../arm-none-eabi/lib/thumb/libsysbase.a(getreent.o)
 .comment       0x0000000000000044       0x23 /opt/devkitpro/devkitARM/lib/gcc/arm-none-eabi/9.1.0/thumb/libgcc.a(_muldi3.o)
 .comment       0x0000000000000044       0x23 /opt/devkitpro/devkitARM/lib/gcc/arm-none-eabi/9.1.0/thumb/libgcc.a(_udivmoddi4.o)
 .comment       0x0000000000000044       0x23 /opt/devkitpro/devkitARM/lib/gcc/arm-none-eabi/9.1.0/thumb/crtend.o

.ARM.attributes
                0x0000000000000000       0x2d
 .ARM.attributes
                0x0000000000000000       0x21 /opt/devkitpro/devkitARM/lib/gcc/arm-none-eabi/9.1.0/../../../../arm-none-eabi/lib/thumb/ds_arm9_crt0.o
 .ARM.attributes
                0x0000000000000021       0x1c /opt/devkitpro/devkitARM/lib/gcc/arm-none-eabi/9.1.0/thumb/crti.o
 .ARM.attributes
                0x000000000000003d       0x2a /opt/devkitpro/devkitARM/lib/gcc/arm-none-eabi/9.1.0/thumb/crtbegin.o
 .ARM.attributes
                0x0000000000000067       0x1a nether2muerte.o
 .ARM.attributes
                0x0000000000000081       0x1a Cielo2.o
 .ARM.attributes
                0x000000000000009b       0x1a fondo3.o
 .ARM.attributes
                0x00000000000000b5       0x1a fondoMuerte.o
 .ARM.attributes
                0x00000000000000cf       0x1a Cielo2muerte.o
 .ARM.attributes
                0x00000000000000e9       0x1a fondo3Muerte.o
 .ARM.attributes
                0x0000000000000103       0x1a off.o
 .ARM.attributes
                0x000000000000011d       0x1a fondo1.o
 .ARM.attributes
                0x0000000000000137       0x1a nether3.o
 .ARM.attributes
                0x0000000000000151       0x1a nether3muerte.o
 .ARM.attributes
                0x000000000000016b       0x1a nether.o
 .ARM.attributes
                0x0000000000000185       0x1a Cielo.o
 .ARM.attributes
                0x000000000000019f       0x1a Cielo3.o
 .ARM.attributes
                0x00000000000001b9       0x1a panPausa.o
 .ARM.attributes
                0x00000000000001d3       0x1a nethermuerte.o
 .ARM.attributes
                0x00000000000001ed       0x1a Cielomuerte.o
 .ARM.attributes
                0x0000000000000207       0x1a fondo2Muerte.o
 .ARM.attributes
                0x0000000000000221       0x1a fondo2.o
 .ARM.attributes
                0x000000000000023b       0x1a cielo3muerte.o
 .ARM.attributes
                0x0000000000000255       0x1a nether2.o
 .ARM.attributes
                0x000000000000026f       0x27 gravedad.o
 .ARM.attributes
                0x0000000000000296       0x27 rutserv.o
 .ARM.attributes
                0x00000000000002bd       0x27 tactil.o
 .ARM.attributes
                0x00000000000002e4       0x27 teclado.o
 .ARM.attributes
                0x000000000000030b       0x27 graficos.o
 .ARM.attributes
                0x0000000000000332       0x27 elementos.o
 .ARM.attributes
                0x0000000000000359       0x27 sprites.o
 .ARM.attributes
                0x0000000000000380       0x27 main.o
 .ARM.attributes
                0x00000000000003a7       0x27 fondos.o
 .ARM.attributes
                0x00000000000003ce       0x27 temporizadores.o
 .ARM.attributes
                0x00000000000003f5       0x27 enemigos.o
 .ARM.attributes
                0x000000000000041c       0x2b /opt/devkitpro/libnds/lib/libnds9.a(video.o)
 .ARM.attributes
                0x0000000000000447       0x2b /opt/devkitpro/libnds/lib/libnds9.a(touch.o)
 .ARM.attributes
                0x0000000000000472       0x2b /opt/devkitpro/libnds/lib/libnds9.a(sprite_alloc.o)
 .ARM.attributes
                0x000000000000049d       0x2b /opt/devkitpro/libnds/lib/libnds9.a(system.o)
 .ARM.attributes
                0x00000000000004c8       0x2b /opt/devkitpro/libnds/lib/libnds9.a(console.o)
 .ARM.attributes
                0x00000000000004f3       0x2b /opt/devkitpro/libnds/lib/libnds9.a(sprite.o)
 .ARM.attributes
                0x000000000000051e       0x2b /opt/devkitpro/libnds/lib/libnds9.a(initSystem.o)
 .ARM.attributes
                0x0000000000000549       0x2b /opt/devkitpro/libnds/lib/libnds9.a(timeSupport.o)
 .ARM.attributes
                0x0000000000000574       0x2b /opt/devkitpro/libnds/lib/libnds9.a(securearea.o)
 .ARM.attributes
                0x000000000000059f       0x2b /opt/devkitpro/libnds/lib/libnds9.a(interrupts.o)
 .ARM.attributes
                0x00000000000005ca       0x2b /opt/devkitpro/libnds/lib/libnds9.a(libnds_exit.arm.o)
 .ARM.attributes
                0x00000000000005f5       0x2b /opt/devkitpro/libnds/lib/libnds9.a(fifosystem.o)
 .ARM.attributes
                0x0000000000000620       0x1b /opt/devkitpro/libnds/lib/libnds9.a(dcache.o)
 .ARM.attributes
                0x000000000000063b       0x21 /opt/devkitpro/libnds/lib/libnds9.a(mpu_setup.o)
 .ARM.attributes
                0x000000000000065c       0x21 /opt/devkitpro/libnds/lib/libnds9.a(IntrWait.o)
 .ARM.attributes
                0x000000000000067d       0x21 /opt/devkitpro/libnds/lib/libnds9.a(cpu_clock.o)
 .ARM.attributes
                0x000000000000069e       0x1b /opt/devkitpro/libnds/lib/libnds9.a(interruptDispatcher.o)
 .ARM.attributes
                0x00000000000006b9       0x21 /opt/devkitpro/libnds/lib/libnds9.a(swiSoftReset.o)
 .ARM.attributes
                0x00000000000006da       0x1b /opt/devkitpro/libnds/lib/libnds9.a(biosCalls.o)
 .ARM.attributes
                0x00000000000006f5       0x14 /opt/devkitpro/libnds/lib/libnds9.a(default_font.bin.o)
 .ARM.attributes
                0x0000000000000709       0x2b /opt/devkitpro/libnds/lib/libnds9.a(background.o)
 .ARM.attributes
                0x0000000000000734       0x2b /opt/devkitpro/libnds/lib/libnds9.a(trig.o)
 .ARM.attributes
                0x000000000000075f       0x1c /opt/devkitpro/devkitARM/lib/gcc/arm-none-eabi/9.1.0/thumb/libgcc.a(_divsi3.o)
 .ARM.attributes
                0x000000000000077b       0x1c /opt/devkitpro/devkitARM/lib/gcc/arm-none-eabi/9.1.0/thumb/libgcc.a(_dvmd_tls.o)
 .ARM.attributes
                0x0000000000000797       0x1c /opt/devkitpro/devkitARM/lib/gcc/arm-none-eabi/9.1.0/thumb/libgcc.a(_arm_addsubdf3.o)
 .ARM.attributes
                0x00000000000007b3       0x1c /opt/devkitpro/devkitARM/lib/gcc/arm-none-eabi/9.1.0/thumb/libgcc.a(_arm_cmpdf2.o)
 .ARM.attributes
                0x00000000000007cf       0x1c /opt/devkitpro/devkitARM/lib/gcc/arm-none-eabi/9.1.0/thumb/libgcc.a(_arm_fixdfsi.o)
 .ARM.attributes
                0x00000000000007eb       0x2a /opt/devkitpro/devkitARM/lib/gcc/arm-none-eabi/9.1.0/../../../../arm-none-eabi/lib/thumb/libg.a(lib_a-init.o)
 .ARM.attributes
                0x0000000000000815       0x2a /opt/devkitpro/devkitARM/lib/gcc/arm-none-eabi/9.1.0/../../../../arm-none-eabi/lib/thumb/libg.a(lib_a-iprintf.o)
 .ARM.attributes
                0x000000000000083f       0x2a /opt/devkitpro/devkitARM/lib/gcc/arm-none-eabi/9.1.0/../../../../arm-none-eabi/lib/thumb/libg.a(lib_a-malloc.o)
 .ARM.attributes
                0x0000000000000869       0x2a /opt/devkitpro/devkitARM/lib/gcc/arm-none-eabi/9.1.0/../../../../arm-none-eabi/lib/thumb/libg.a(lib_a-mallocr.o)
 .ARM.attributes
                0x0000000000000893       0x2a /opt/devkitpro/devkitARM/lib/gcc/arm-none-eabi/9.1.0/../../../../arm-none-eabi/lib/thumb/libg.a(lib_a-memcpy-stub.o)
 .ARM.attributes
                0x00000000000008bd       0x2a /opt/devkitpro/devkitARM/lib/gcc/arm-none-eabi/9.1.0/../../../../arm-none-eabi/lib/thumb/libg.a(lib_a-memset.o)
 .ARM.attributes
                0x00000000000008e7       0x2a /opt/devkitpro/devkitARM/lib/gcc/arm-none-eabi/9.1.0/../../../../arm-none-eabi/lib/thumb/libg.a(lib_a-mlock.o)
 .ARM.attributes
                0x0000000000000911       0x2a /opt/devkitpro/devkitARM/lib/gcc/arm-none-eabi/9.1.0/../../../../arm-none-eabi/lib/thumb/libg.a(lib_a-rand.o)
 .ARM.attributes
                0x000000000000093b       0x2a /opt/devkitpro/devkitARM/lib/gcc/arm-none-eabi/9.1.0/../../../../arm-none-eabi/lib/thumb/libg.a(lib_a-realloc.o)
 .ARM.attributes
                0x0000000000000965       0x2a /opt/devkitpro/devkitARM/lib/gcc/arm-none-eabi/9.1.0/../../../../arm-none-eabi/lib/thumb/libg.a(lib_a-reallocr.o)
 .ARM.attributes
                0x000000000000098f       0x2a /opt/devkitpro/devkitARM/lib/gcc/arm-none-eabi/9.1.0/../../../../arm-none-eabi/lib/thumb/libg.a(lib_a-setvbuf.o)
 .ARM.attributes
                0x00000000000009b9       0x2a /opt/devkitpro/devkitARM/lib/gcc/arm-none-eabi/9.1.0/../../../../arm-none-eabi/lib/thumb/libg.a(lib_a-siscanf.o)
 .ARM.attributes
                0x00000000000009e3       0x2a /opt/devkitpro/devkitARM/lib/gcc/arm-none-eabi/9.1.0/../../../../arm-none-eabi/lib/thumb/libg.a(lib_a-stdio.o)
 .ARM.attributes
                0x0000000000000a0d       0x2a /opt/devkitpro/devkitARM/lib/gcc/arm-none-eabi/9.1.0/../../../../arm-none-eabi/lib/thumb/libg.a(lib_a-strlen-stub.o)
 .ARM.attributes
                0x0000000000000a37       0x2a /opt/devkitpro/devkitARM/lib/gcc/arm-none-eabi/9.1.0/../../../../arm-none-eabi/lib/thumb/libg.a(lib_a-svfiscanf.o)
 .ARM.attributes
                0x0000000000000a61       0x2a /opt/devkitpro/devkitARM/lib/gcc/arm-none-eabi/9.1.0/../../../../arm-none-eabi/lib/thumb/libg.a(lib_a-time.o)
 .ARM.attributes
                0x0000000000000a8b       0x2a /opt/devkitpro/devkitARM/lib/gcc/arm-none-eabi/9.1.0/../../../../arm-none-eabi/lib/thumb/libg.a(lib_a-ungetc.o)
 .ARM.attributes
                0x0000000000000ab5       0x2a /opt/devkitpro/devkitARM/lib/gcc/arm-none-eabi/9.1.0/../../../../arm-none-eabi/lib/thumb/libg.a(lib_a-vfiprintf.o)
 .ARM.attributes
                0x0000000000000adf       0x2a /opt/devkitpro/devkitARM/lib/gcc/arm-none-eabi/9.1.0/../../../../arm-none-eabi/lib/thumb/libg.a(lib_a-wcrtomb.o)
 .ARM.attributes
                0x0000000000000b09       0x2a /opt/devkitpro/devkitARM/lib/gcc/arm-none-eabi/9.1.0/../../../../arm-none-eabi/lib/thumb/libg.a(lib_a-wcsrtombs.o)
 .ARM.attributes
                0x0000000000000b33       0x2a /opt/devkitpro/devkitARM/lib/gcc/arm-none-eabi/9.1.0/../../../../arm-none-eabi/lib/thumb/libg.a(lib_a-wsetup.o)
 .ARM.attributes
                0x0000000000000b5d       0x2a /opt/devkitpro/devkitARM/lib/gcc/arm-none-eabi/9.1.0/../../../../arm-none-eabi/lib/thumb/libg.a(lib_a-ctype_.o)
 .ARM.attributes
                0x0000000000000b87       0x2a /opt/devkitpro/devkitARM/lib/gcc/arm-none-eabi/9.1.0/../../../../arm-none-eabi/lib/thumb/libg.a(lib_a-fflush.o)
 .ARM.attributes
                0x0000000000000bb1       0x2a /opt/devkitpro/devkitARM/lib/gcc/arm-none-eabi/9.1.0/../../../../arm-none-eabi/lib/thumb/libg.a(lib_a-findfp.o)
 .ARM.attributes
                0x0000000000000bdb       0x2a /opt/devkitpro/devkitARM/lib/gcc/arm-none-eabi/9.1.0/../../../../arm-none-eabi/lib/thumb/libg.a(lib_a-freer.o)
 .ARM.attributes
                0x0000000000000c05       0x2a /opt/devkitpro/devkitARM/lib/gcc/arm-none-eabi/9.1.0/../../../../arm-none-eabi/lib/thumb/libg.a(lib_a-fvwrite.o)
 .ARM.attributes